[Licensing::Module] Trying to connect to existing licensing client channel...
Built from '6000.5/staging' branch; Version is '6000.5.0f1 (88b47c5e7076) revision 8959100'; Using compiler version '194234433'; Build Type 'Release'
OS: 'Windows 11  (10.0.26200) Professional' Language: 'ja' Physical Memory: 16208 MB
BatchMode: 1, IsHumanControllingUs: 0, StartBugReporterOnCrash: 0, Is64bit: 1
System  architecture: x64
Process architecture: x64
Date: 2026-08-13T07:39:48Z
[Licensing::IpcConnector] Successfully connected to: "LicenseClient-masa" at "2026-08-13T07:39:48.1981282Z"

COMMAND LINE ARGUMENTS:
C:\Program Files\Unity\Hub\Editor\6000.5.0f1\Editor\Unity.exe
-adb2
-batchMode
-noUpm
-name
AssetImportWorkerHW0
-projectPath
C:/Users/masa/Unity/t6-M6/Molkky
-logFile
Logs/AssetImportWorkerHW0.log
-srvPort
57646
-parentPid
16812
-analyticsCloudUserId
anonymous
-analyticsCloudProjectId
ca0305d8-fd50-418a-928d-79e1b140c2d6
-analyticsLocalProjectId
3e589db341a320c4cadce79fc2ab57c8
-licensingIpc
LicenseClient-masa
-noDiagnosticSwitchPersistentStore
-job-worker-count
5
-background-job-worker-count
8
-asset-garbage-collectors
1
-force-d3d12
-name
AssetImport
Successfully changed project path to: C:/Users/masa/Unity/t6-M6/Molkky
C:/Users/masa/Unity/t6-M6/Molkky
[UnityMemory] Configuration Parameters - Can be set up in boot.config
    "memorysetup-temp-allocator-size-gi-baking-worker=262144"
    "memorysetup-temp-allocator-size-gi-baking-worker=262144"
    "memorysetup-temp-allocator-size-gi-baking-worker=262144"
    "memorysetup-temp-allocator-size-gi-baking-worker=262144"
    "memorysetup-temp-allocator-size-gi-baking-worker=262144"
    "memorysetup-temp-allocator-size-nav-mesh-worker=65536"
    "memorysetup-temp-allocator-size-audio-worker=65536"
    "memorysetup-temp-allocator-size-cloud-worker=32768"
    "memorysetup-temp-allocator-size-gfx=262144"
    "memorysetup-temp-allocator-size-preload-manager=33554432"
    "memorysetup-allocator-temp-initial-block-size-main=262144"
    "memorysetup-allocator-temp-initial-block-size-worker=262144"
    "memorysetup-temp-allocator-size-job-worker=262144"
    "memorysetup-temp-allocator-size-background-worker=32768"
    "memorysetup-bucket-allocator-granularity=16"
    "memorysetup-bucket-allocator-bucket-count=8"
    "memorysetup-bucket-allocator-block-size=33554432"
    "memorysetup-bucket-allocator-block-count=8"
    "memorysetup-main-allocator-block-size=16777216"
    "memorysetup-thread-allocator-block-size=16777216"
    "memorysetup-main-allocator-mimalloc-enabled=0"
    "memorysetup-gfx-main-allocator-block-size=16777216"
    "memorysetup-gfx-thread-allocator-block-size=16777216"
    "memorysetup-cache-allocator-block-size=4194304"
    "memorysetup-typetree-allocator-block-size=2097152"
    "memorysetup-profiler-bucket-allocator-granularity=16"
    "memorysetup-profiler-bucket-allocator-bucket-count=8"
    "memorysetup-profiler-bucket-allocator-block-size=33554432"
    "memorysetup-profiler-bucket-allocator-block-count=8"
    "memorysetup-profiler-allocator-block-size=16777216"
    "memorysetup-profiler-editor-allocator-block-size=1048576"
    "memorysetup-temp-allocator-size-main=16777216"
    "memorysetup-job-temp-allocator-block-size=2097152"
    "memorysetup-job-temp-allocator-block-size-background=1048576"
    "memorysetup-job-temp-allocator-reduction-small-platforms=262144"
Player connection [3852]  Target information:

Player connection [3852]  * "[IP] 192.168.11.8 [Port] 0 [Flags] 2 [Guid] 1243691434 [EditorId] 1243691434 [Version] 1048832 [Id] WindowsEditor(7,TABLET-9LV0G929) [Debug] 1 [PackageName] WindowsEditor [ProjectName] Editor" 

Player connection [3852] Host joined multi-casting on [225.0.0.222:54997]...
Player connection [3852] Host joined alternative multi-casting on [225.0.0.222:34997]...
JobSystem: Creating JobQueue using job-worker-count value 5
Input System module state changed to: Initialized.
[Physics::Module] Initialized fallback backend.
[Physics::Module] Id: 0xdecafbad
Library Redirect Path: Library/
[Physics::Module] Selected backend.
[Physics::Module] Name: PhysX
[Physics::Module] Id: 0xf2b8ea05
[Physics::Module] SDK Version: 4.1.2
[Physics::Module] Integration Version: 1.0.0
[Physics::Module] Threading Mode: Multi-Threaded
Refreshing native plugins compatible for Editor in 35.45 ms, found 5 plugins.
Preloading 1 native plugins for Editor in 5.64 ms.
Initialize engine version: 6000.5.0f1 (88b47c5e7076)
[Subsystems] Discovering subsystems at path C:/Program Files/Unity/Hub/Editor/6000.5.0f1/Editor/Data/Resources/UnitySubsystems
[Subsystems] Discovering subsystems at path C:/Users/masa/Unity/t6-M6/Molkky/Assets
Forcing GfxDevice: Direct3D 12
GfxDevice: creating device client; kGfxThreadingModeNonThreaded
d3d12: failed to query info queue interface (0x80004002).
Direct3D:
    Version:         Direct3D 12 [level 12.1]
    Renderer:        Intel(R) Iris(R) Xe Graphics (ID=0x46a8)
    Vendor:          Intel
    VRAM:            8104 MB
    App VRAM Budget: 7442 MB
    Driver:          32.0.101.6737
    Unified Memory Architecture
    Cache Coherent UMA
Initialize mono
Mono path[0] = 'C:/Program Files/Unity/Hub/Editor/6000.5.0f1/Editor/Data/Managed'
Mono path[1] = 'C:/Program Files/Unity/Hub/Editor/6000.5.0f1/Editor/Data/BCLExtensions/runtime/netstandard2.1'
Mono path[2] = 'C:/Program Files/Unity/Hub/Editor/6000.5.0f1/Editor/Data/MonoBleedingEdge/lib/mono/unityjit-win32'
Mono config path = 'C:/Program Files/Unity/Hub/Editor/6000.5.0f1/Editor/Data/MonoBleedingEdge/etc'
Using monoOptions --debugger-agent=transport=dt_socket,embedding=1,server=y,suspend=n,address=127.0.0.1:56124
CodeReloadManager initialized
Begin MonoManager ReloadAssembly
Registering precompiled unity dll's ...
Register platform support module: C:/Program Files/Unity/Hub/Editor/6000.5.0f1/Editor/Data/PlaybackEngines/WebGLSupport/UnityEditor.WebGL.Extensions.dll
Register platform support module: C:/Program Files/Unity/Hub/Editor/6000.5.0f1/Editor/Data/PlaybackEngines/WindowsStandaloneSupport/UnityEditor.WindowsStandalone.Extensions.dll
Registered in 0.010334 seconds.
Native extension for WindowsStandalone target not found
Native extension for WebGL target not found
Package Manager log level set to [2]
[Package Manager] Failed to launch server process. Reason: Unity was launched with the -noUpm command-line argument
[Package Manager] Unable to send message (not connected to server process).
[Package Manager] Cannot connect to Unity Package Manager local server
ScheduleIndexationOnStartup MainProcess:False IndexOnStartup:True
Mono: successfully reloaded assembly
- Finished resetting the current domain, in  1.116 seconds
Domain Reload Profiling: 3520ms
	BeginReloadAssembly (1142ms)
		CreateAndSetChildDomain (6ms)
	RebuildCommonClasses (14ms)
	RebuildNativeTypeToScriptingClass (46ms)
	initialDomainReloadingComplete (258ms)
	LoadAllAssembliesAndSetupDomain (940ms)
		LoadAssemblies (1126ms)
		AnalyzeDomain (622ms)
			TypeCache.Refresh (618ms)
				TypeCache.ScanAssembly (581ms)
	FinalizeReload (1120ms)
		SetupLoadedEditorAssemblies (0ms)
			InitializePlatformSupportModulesInManaged (7ms)
			BeforeProcessingInitializeOnLoad (402ms)
			ProcessInitializeOnLoadAttributes (276ms)
			ProcessInitializeOnLoadMethodAttributes (276ms)
Initializing Unity extensions:
[Licensing::Module] Licensing is not yet initialized.
[Licensing::Client] Error: HandshakeResponse reported an error:
	ResponseCode: 505
	ResponseStatus: Unsupported protocol version '1.18.1'.
[Licensing::Module] Error: Failed to handshake to channel: "LicenseClient-masa"
[Licensing::IpcConnector] LicenseClient-masa channel disconnected successfully.
[Licensing::IpcConnector] Successfully connected to: "LicenseClient-masa-6000.5.0" at "2026-08-13T07:39:54.6626147Z"
[Licensing::Client] Code 10 while verifying Licensing Client signature (process Id: 18216, path: "C:/Program Files/Unity/Hub/Editor/6000.5.0f1/Editor/Data/Resources/Licensing/Client/Unity.Licensing.Client.exe")
[Licensing::Module] LicensingClient has failed validation; ignoring
[Licensing::Client] Handshaking with LicensingClient:
  Version:                 1.18.1+9fbee8e
  Session Id:              07d1400e8edc4793b94aaa5cb5773151
  Correlation Id:          7e6e07bc9b2587adb56c024c6d52edce
  External correlation Id: 8740271049284250224
  Machine Id:              gbT04UQo8uaxY5mdXKKMFGwOajQ=
[Licensing::Module] Successfully connected to LicensingClient on channel: "LicenseClient-masa-6000.5.0" (connect: 0.00s, validation: 0.01s, handshake: 0.03s)
[Licensing::IpcConnector] Successfully connected to: "LicenseClient-masa-6000.5.0-notifications" at "2026-08-13T07:39:54.7016698Z"
[Licensing::Module] Licensing Background thread has ended after 6.51s
[Licensing::Module] Licensing is initialized (took 0.25s).
[Licensing::Client] Successfully resolved entitlement details
[Licensing::Module] License group:
  Id: 15669721729732-UnityPersXXXX
  Product: Unity Personal
  Type: Assigned
  Expiration: Unlimited
Curl error 3: URL rejected: Malformed input to a URL function
========================================================================
Worker process is ready to serve import requests
Import Worker Mode flag is 0x00
Begin MonoManager ReloadAssembly
Symbol file LoadedFromMemory is not a mono symbol file
Symbol file LoadedFromMemory is not a mono symbol file
Refreshing native plugins compatible for Editor in 21.39 ms, found 5 plugins.
Native extension for WindowsStandalone target not found
Native extension for WebGL target not found
[Package Manager] Failed to launch server process. Reason: Unity was launched with the -noUpm command-line argument
[Package Manager] Unable to send message (not connected to server process).
[Package Manager] Cannot connect to Unity Package Manager local server
Refreshing native plugins compatible for Editor in 19.02 ms, found 5 plugins.
[Package Manager] Failed to launch server process. Reason: Unity was launched with the -noUpm command-line argument
[Package Manager] Unable to send message (not connected to server process).
[Package Manager] Cannot connect to Unity Package Manager local server
[MODES] ModeService[none].Initialize
[MODES] ModeService[none].LoadModes
[MODES] Loading mode Default (0) for mode-current-id-Molkky
[Licensing::Client] Error: Code 404 while processing request (status: Found 0 entitlement groups and 0 free entitlements matching requested entitlement ids)
[Licensing::Client] Error: Code 404 while processing request (status: Found 0 entitlement groups and 0 free entitlements matching requested entitlement ids)
[Licensing::Client] Error: Code 404 while processing request (status: Found 0 entitlement groups and 0 free entitlements matching requested entitlement ids)
ScheduleIndexationOnStartup MainProcess:False IndexOnStartup:True
Mono: successfully reloaded assembly
- Finished resetting the current domain, in  4.399 seconds
Domain Reload Profiling: 9234ms
	BeginReloadAssembly (617ms)
		DisableScriptedObjects (19ms)
		CreateAndSetChildDomain (83ms)
	RebuildCommonClasses (19ms)
	RebuildNativeTypeToScriptingClass (43ms)
	initialDomainReloadingComplete (564ms)
	LoadAllAssembliesAndSetupDomain (3591ms)
		LoadAssemblies (2029ms)
		AnalyzeDomain (1568ms)
			TypeCache.Refresh (1300ms)
				TypeCache.ScanAssembly (1229ms)
			BuildScriptInfoCaches (243ms)
			ResolveRequiredComponents (18ms)
	FinalizeReload (4401ms)
		SetupLoadedEditorAssemblies (0ms)
			InitializePlatformSupportModulesInManaged (6ms)
			BeforeProcessingInitializeOnLoad (311ms)
			ProcessInitializeOnLoadAttributes (2515ms)
			ProcessInitializeOnLoadMethodAttributes (873ms)
			AfterProcessingInitializeOnLoad (11ms)
		AwakeInstancesAfterBackupRestoration (9ms)
AcceleratorClientConnectionCallback - disconnected - :0
Launched and connected shader compiler UnityShaderCompiler.exe after 0.06 seconds
Refreshing native plugins compatible for Editor in 29.14 ms, found 5 plugins.
Curl error 3: URL rejected: Malformed input to a URL function
Unloading 66 Unused Serialized files (Serialized files now loaded: 0)
Unloading 10416 unused Assets / (20.8 MB). Loaded Objects now: 11289.
Memory consumption went from 467.0 MB to 446.2 MB.
Total: 73.267500 ms (FindLiveObjects: 3.537800 ms CreateObjectMapping: 14.343500 ms MarkObjects: 37.208900 ms  DeleteObjects: 18.170500 ms)

========================================================================
Received Prepare
AcceleratorClientConnectionCallback - disconnected - :0
Refreshing native plugins compatible for Editor in 34.80 ms, found 5 plugins.
Unloading 66 Unused Serialized files (Serialized files now loaded: 0)
Unloading 66 unused Assets / (13.8 MB). Loaded Objects now: 11289.
Memory consumption went from 455.6 MB to 441.8 MB.
Total: 52.599800 ms (FindLiveObjects: 2.050700 ms CreateObjectMapping: 5.941700 ms MarkObjects: 39.984100 ms  DeleteObjects: 4.616800 ms)

Prepare: number of updated asset objects reloaded= 0
========================================================================
Received Import Request.
  Time of request: 2026-08-13T07:40:10.8462805Z
  Time since last request: 730.31143459999998 seconds.
  importAddress: GUID: 99c9720ab356a0642a771bea13969a05 - Path: Assets/Scenes/GameScene.unity - Importer: ScriptedImporter/UnityEditor.QuickSearchModule:UnityEditor.Search:ASIAI0B
Importing 'GUID: 99c9720ab356a0642a771bea13969a05 - Path: Assets/Scenes/GameScene.unity - Importer: ScriptedImporter/UnityEditor.QuickSearchModule:UnityEditor.Search:ASIAI0B' with importer (ScriptedImporter : UnityEditor.QuickSearchModule:UnityEditor.Search:ASIAI0B)
Imported 'GUID: 99c9720ab356a0642a771bea13969a05' -> (Import Result ID: 'c7b79c20dfa8d71b7a820b77180a0ab5') in 0.206 seconds [static and dynamic dependencies]. Details - ImportResultOutputID=d5012a5e1a9371f0577b96c7f8f17473 DependenciesID=d936b7586627b07350ee834cd0911ec5 StaticDependenciesID=fb20f796045ee3fb62b8280dcd5e96fe 
Number of updated asset objects reloaded before import = 0
Number of asset objects unloaded after import = 1
========================================================================
Received Prepare
AcceleratorClientConnectionCallback - disconnected - :0
Begin MonoManager ReloadAssembly
Symbol file LoadedFromMemory is not a mono symbol file
Symbol file LoadedFromMemory is not a mono symbol file
Refreshing native plugins compatible for Editor in 18.08 ms, found 5 plugins.
Native extension for WindowsStandalone target not found
Native extension for WebGL target not found
[Package Manager] Failed to launch server process. Reason: Unity was launched with the -noUpm command-line argument
[Package Manager] Unable to send message (not connected to server process).
[Package Manager] Cannot connect to Unity Package Manager local server
Refreshing native plugins compatible for Editor in 27.92 ms, found 5 plugins.
[Package Manager] Failed to launch server process. Reason: Unity was launched with the -noUpm command-line argument
[Package Manager] Unable to send message (not connected to server process).
[Package Manager] Cannot connect to Unity Package Manager local server
[MODES] ModeService[none].Initialize
[MODES] ModeService[none].LoadModes
[Licensing::Client] Error: Code 404 while processing request (status: Found 0 entitlement groups and 0 free entitlements matching requested entitlement ids)
[Licensing::Client] Error: Code 404 while processing request (status: Found 0 entitlement groups and 0 free entitlements matching requested entitlement ids)
[Licensing::Client] Error: Code 404 while processing request (status: Found 0 entitlement groups and 0 free entitlements matching requested entitlement ids)
ScheduleIndexationOnStartup MainProcess:False IndexOnStartup:True
Mono: successfully reloaded assembly
- Finished resetting the current domain, in  4.742 seconds
Domain Reload Profiling: 7812ms
	BeginReloadAssembly (794ms)
		DisableScriptedObjects (18ms)
		CreateAndSetChildDomain (241ms)
	RebuildCommonClasses (22ms)
	RebuildNativeTypeToScriptingClass (36ms)
	initialDomainReloadingComplete (510ms)
	LoadAllAssembliesAndSetupDomain (1706ms)
		LoadAssemblies (1657ms)
		AnalyzeDomain (47ms)
			TypeCache.Refresh (23ms)
			ResolveRequiredComponents (14ms)
	FinalizeReload (4744ms)
		SetupLoadedEditorAssemblies (0ms)
			InitializePlatformSupportModulesInManaged (6ms)
			BeforeProcessingInitializeOnLoad (376ms)
			ProcessInitializeOnLoadAttributes (2176ms)
			ProcessInitializeOnLoadMethodAttributes (1216ms)
			AfterProcessingInitializeOnLoad (21ms)
		AwakeInstancesAfterBackupRestoration (61ms)
Refreshing native plugins compatible for Editor in 30.12 ms, found 5 plugins.
Unloading 66 Unused Serialized files (Serialized files now loaded: 0)
Unloading 10412 unused Assets / (21.6 MB). Loaded Objects now: 11336.
Memory consumption went from 453.5 MB to 431.9 MB.
Total: 75.569100 ms (FindLiveObjects: 3.429800 ms CreateObjectMapping: 15.819200 ms MarkObjects: 38.819400 ms  DeleteObjects: 17.497600 ms)

Prepare: number of updated asset objects reloaded= 0
========================================================================
Received Prepare
AcceleratorClientConnectionCallback - disconnected - :0
[Licensing::Client] Successfully resolved entitlement details
Begin MonoManager ReloadAssembly
Symbol file LoadedFromMemory is not a mono symbol file
Symbol file LoadedFromMemory is not a mono symbol file
Refreshing native plugins compatible for Editor in 26.02 ms, found 5 plugins.
Native extension for WindowsStandalone target not found
Native extension for WebGL target not found
[Package Manager] Failed to launch server process. Reason: Unity was launched with the -noUpm command-line argument
[Package Manager] Unable to send message (not connected to server process).
[Package Manager] Cannot connect to Unity Package Manager local server
Refreshing native plugins compatible for Editor in 27.84 ms, found 5 plugins.
[Package Manager] Failed to launch server process. Reason: Unity was launched with the -noUpm command-line argument
[Package Manager] Unable to send message (not connected to server process).
[Package Manager] Cannot connect to Unity Package Manager local server
[MODES] ModeService[none].Initialize
[MODES] ModeService[none].LoadModes
[Licensing::Client] Error: Code 404 while processing request (status: Found 0 entitlement groups and 0 free entitlements matching requested entitlement ids)
[Licensing::Client] Error: Code 404 while processing request (status: Found 0 entitlement groups and 0 free entitlements matching requested entitlement ids)
[Licensing::Client] Error: Code 404 while processing request (status: Found 0 entitlement groups and 0 free entitlements matching requested entitlement ids)
ScheduleIndexationOnStartup MainProcess:False IndexOnStartup:True
Mono: successfully reloaded assembly
- Finished resetting the current domain, in  5.041 seconds
Domain Reload Profiling: 9154ms
	BeginReloadAssembly (1658ms)
		DisableScriptedObjects (75ms)
		ReleaseScriptingObjects (4ms)
		CreateAndSetChildDomain (553ms)
	RebuildCommonClasses (24ms)
	RebuildNativeTypeToScriptingClass (42ms)
	initialDomainReloadingComplete (467ms)
	LoadAllAssembliesAndSetupDomain (1919ms)
		LoadAssemblies (1912ms)
		AnalyzeDomain (70ms)
			TypeCache.Refresh (35ms)
			ResolveRequiredComponents (17ms)
	FinalizeReload (5045ms)
		SetupLoadedEditorAssemblies (0ms)
			InitializePlatformSupportModulesInManaged (6ms)
			BeforeProcessingInitializeOnLoad (371ms)
			ProcessInitializeOnLoadAttributes (2568ms)
			ProcessInitializeOnLoadMethodAttributes (1344ms)
			AfterProcessingInitializeOnLoad (20ms)
		AwakeInstancesAfterBackupRestoration (76ms)
Refreshing native plugins compatible for Editor in 25.46 ms, found 5 plugins.
Unloading 66 Unused Serialized files (Serialized files now loaded: 0)
Unloading 10412 unused Assets / (21.8 MB). Loaded Objects now: 11339.
Memory consumption went from 456.9 MB to 435.2 MB.
Total: 68.544100 ms (FindLiveObjects: 2.618600 ms CreateObjectMapping: 12.676700 ms MarkObjects: 34.917200 ms  DeleteObjects: 18.326900 ms)

Prepare: number of updated asset objects reloaded= 0
========================================================================
Received Prepare
AcceleratorClientConnectionCallback - disconnected - :0
Refreshing native plugins compatible for Editor in 22.72 ms, found 5 plugins.
Unloading 66 Unused Serialized files (Serialized files now loaded: 0)
Unloading 10392 unused Assets / (21.6 MB). Loaded Objects now: 11339.
Memory consumption went from 460.4 MB to 438.7 MB.
Total: 148.938200 ms (FindLiveObjects: 3.336600 ms CreateObjectMapping: 30.939000 ms MarkObjects: 89.347200 ms  DeleteObjects: 25.312000 ms)

Prepare: number of updated asset objects reloaded= 0
========================================================================
Received Prepare
AcceleratorClientConnectionCallback - disconnected - :0
Refreshing native plugins compatible for Editor in 20.96 ms, found 5 plugins.
Unloading 66 Unused Serialized files (Serialized files now loaded: 0)
Unloading 10392 unused Assets / (21.7 MB). Loaded Objects now: 11339.
Memory consumption went from 463.7 MB to 442.0 MB.
Total: 86.203600 ms (FindLiveObjects: 2.879800 ms CreateObjectMapping: 20.163700 ms MarkObjects: 47.363100 ms  DeleteObjects: 15.792800 ms)

Prepare: number of updated asset objects reloaded= 0
========================================================================
Received Import Request.
  Time of request: 2026-08-13T12:38:26.615264Z
  Time since last request: 17895.52653310000096 seconds.
  importAddress: GUID: ab09877e2e707104187f6f83e2f62510 - Path: Assets/Settings/DefaultVolumeProfile.asset - Importer: PreviewImporter
Importing 'GUID: ab09877e2e707104187f6f83e2f62510 - Path: Assets/Settings/DefaultVolumeProfile.asset - Importer: PreviewImporter' with importer (PreviewImporter)
Imported 'GUID: ab09877e2e707104187f6f83e2f62510' -> (Import Result ID: '517b2e79885fe093111ec25aaab1e40d') in 0.086 seconds [static and dynamic dependencies]. Details - ImportResultOutputID=39a7eb3f94a6a5b6171a14dafa83e11c DependenciesID=9432eb6af3b5c5a71dd6e076e928e288 StaticDependenciesID=bd98503be5dcb126e172c41a9a3e81ee 
Number of updated asset objects reloaded before import = 0
Number of asset objects unloaded after import = 0
========================================================================
Received Import Request.
  Time of request: 2026-08-13T12:38:26.7678047Z
  Time since last request: 0.0129784 seconds.
  importAddress: GUID: 4b83569d67af61e458304325a23e5dfd - Path: Assets/Settings/PC_RPAsset.asset - Importer: PreviewImporter
Importing 'GUID: 4b83569d67af61e458304325a23e5dfd - Path: Assets/Settings/PC_RPAsset.asset - Importer: PreviewImporter' with importer (PreviewImporter)
Imported 'GUID: 4b83569d67af61e458304325a23e5dfd' -> (Import Result ID: '234dd81fc72e46e737839f7dacb45286') in 0.003 seconds [static and dynamic dependencies]. Details - ImportResultOutputID=6cb6ecbf79c032dd7d21c6e16909c597 DependenciesID=25f0238bef179872c809590edda780f9 StaticDependenciesID=417e7ad6369560a29b48e73b9e6f4084 
Number of updated asset objects reloaded before import = 0
Number of asset objects unloaded after import = 0
========================================================================
Received Import Request.
  Time of request: 2026-08-13T12:38:26.8027822Z
  Time since last request: 0.0022725 seconds.
  importAddress: GUID: f288ae1f4751b564a96ac7587541f7a2 - Path: Assets/Settings/PC_Renderer.asset - Importer: PreviewImporter
Importing 'GUID: f288ae1f4751b564a96ac7587541f7a2 - Path: Assets/Settings/PC_Renderer.asset - Importer: PreviewImporter' with importer (PreviewImporter)
Imported 'GUID: f288ae1f4751b564a96ac7587541f7a2' -> (Import Result ID: '01977860e990d2d19988e2d084fc29a7') in 0.003 seconds [static and dynamic dependencies]. Details - ImportResultOutputID=cf1d972e72f56164a87928971a22787c DependenciesID=81c3a70a424a167d88075bfbb0b6ff33 StaticDependenciesID=614b7c67e60b8d71e5ec86e10cbb105f 
Number of updated asset objects reloaded before import = 0
Number of asset objects unloaded after import = 0
========================================================================
Received Import Request.
  Time of request: 2026-08-13T12:38:26.8363595Z
  Time since last request: 0.0014319 seconds.
  importAddress: GUID: 18dc0cd2c080841dea60987a38ce93fa - Path: Assets/Settings/UniversalRenderPipelineGlobalSettings.asset - Importer: PreviewImporter
Importing 'GUID: 18dc0cd2c080841dea60987a38ce93fa - Path: Assets/Settings/UniversalRenderPipelineGlobalSettings.asset - Importer: PreviewImporter' with importer (PreviewImporter)
Imported 'GUID: 18dc0cd2c080841dea60987a38ce93fa' -> (Import Result ID: '4ddf7176cdb48379ede20a8d589ef0e2') in 0.002 seconds [static and dynamic dependencies]. Details - ImportResultOutputID=9691795f80db41dbb7e60a41dca299bb DependenciesID=ca33f0d22cd4171fee2c4c7a9ed895ce StaticDependenciesID=66e4d8c08ae9385e78896e64174548e7 
Number of updated asset objects reloaded before import = 0
Number of asset objects unloaded after import = 0
========================================================================
Received Import Request.
  Time of request: 2026-08-13T12:52:32.7712161Z
  Time since last request: 845.90101360000006 seconds.
  importAddress: GUID: 1bc257aaaa1c4ec78f3b87dbee18f018 - Path: Packages/com.unity.ai.assistant/Modules/Unity.AI.Animate/Motion/Runtime/Prefabs/Actors/biped_v1/Biped_Humanoid.prefab - Importer: PreviewImporter
Importing 'GUID: 1bc257aaaa1c4ec78f3b87dbee18f018 - Path: Packages/com.unity.ai.assistant/Modules/Unity.AI.Animate/Motion/Runtime/Prefabs/Actors/biped_v1/Biped_Humanoid.prefab - Importer: PreviewImporter' with importer (PreviewImporter)
Imported 'GUID: 1bc257aaaa1c4ec78f3b87dbee18f018' -> (Import Result ID: '32ceb42a4f8d900e7102cffcb5ad9832') in 0.117 seconds [static and dynamic dependencies]. Details - ImportResultOutputID=7195ced5743b33159ac9dbc58e00332b DependenciesID=007ada93a73779700ef38409d5ee9862 StaticDependenciesID=57102038be105678cd54e8189d78e273 
Number of updated asset objects reloaded before import = 0
Number of asset objects unloaded after import = 318
========================================================================
Received Import Request.
  Time of request: 2026-08-13T12:52:34.1626369Z
  Time since last request: 1.2280972 seconds.
  importAddress: GUID: 36870ad100ff4eaabccec1d39dafbe63 - Path: Packages/com.unity.ai.assistant/Modules/Unity.AI.Animate/Motion/Runtime/Prefabs/Actors/biped_v0/Biped_Humanoid.fbx - Importer: PreviewImporter
Importing 'GUID: 36870ad100ff4eaabccec1d39dafbe63 - Path: Packages/com.unity.ai.assistant/Modules/Unity.AI.Animate/Motion/Runtime/Prefabs/Actors/biped_v0/Biped_Humanoid.fbx - Importer: PreviewImporter' with importer (PreviewImporter)
Imported 'GUID: 36870ad100ff4eaabccec1d39dafbe63' -> (Import Result ID: 'efce01ac0ee295e7b57660eda69b254c') in 1.432 seconds [static and dynamic dependencies]. Details - ImportResultOutputID=8c78642e0c550bf3ca004e01dbbf2cce DependenciesID=4779da3284e6585ee648d732f50e0612 StaticDependenciesID=7fe0fbe38d3ae555b39bc56e9673b5a0 
Number of updated asset objects reloaded before import = 0
Number of asset objects unloaded after import = 147
========================================================================
Received Import Request.
  Time of request: 2026-08-13T12:52:35.6460404Z
  Time since last request: 0.0001059 seconds.
  importAddress: GUID: 92f845725428c954b878da352f657fe5 - Path: Packages/com.unity.render-pipelines.universal/Editor/SceneTemplates/Materials/Emissive.mat - Importer: PreviewImporter
Importing 'GUID: 92f845725428c954b878da352f657fe5 - Path: Packages/com.unity.render-pipelines.universal/Editor/SceneTemplates/Materials/Emissive.mat - Importer: PreviewImporter' with importer (PreviewImporter)
Imported 'GUID: 92f845725428c954b878da352f657fe5' -> (Import Result ID: '010b923720a752a1e797e8b8e1a6937f') in 7.068 seconds [static and dynamic dependencies]. Details - ImportResultOutputID=95fbbbb722339b4f01eb2d8f5ef1a9cc DependenciesID=e3de77ae0b753c40f022c3a5e8639f90 StaticDependenciesID=61369bb728a8b9d7574d4786b451cd16 
Number of updated asset objects reloaded before import = 0
Number of asset objects unloaded after import = 2
========================================================================
Received Import Request.
  Time of request: 2026-08-13T12:52:42.750571Z
  Time since last request: 0.000138 seconds.
  importAddress: GUID: 7ef2cf71ad164fe479662ae612dff99e - Path: Packages/com.unity.shadergraph/GraphTemplates/Custom Render Texture.shadergraph - Importer: PreviewImporter
Importing 'GUID: 7ef2cf71ad164fe479662ae612dff99e - Path: Packages/com.unity.shadergraph/GraphTemplates/Custom Render Texture.shadergraph - Importer: PreviewImporter' with importer (PreviewImporter)
Imported 'GUID: 7ef2cf71ad164fe479662ae612dff99e' -> (Import Result ID: '9ffcc34054b77e8b82c41dad40954fa2') in 0.230 seconds [static and dynamic dependencies]. Details - ImportResultOutputID=b1c33b1b49164258b5e89c3c6d544d7d DependenciesID=37dd7d6a2e57c9d68b65934d1a1acb8b StaticDependenciesID=e5cfd2ff92c49bf68fe3599b312ecfc3 
Number of updated asset objects reloaded before import = 0
Number of asset objects unloaded after import = 2
========================================================================
Received Import Request.
  Time of request: 2026-08-13T12:52:43.0189419Z
  Time since last request: 0.0028119 seconds.
  importAddress: GUID: 9e1c97fc44f9a8744b61b58f72c56de4 - Path: Packages/com.unity.render-pipelines.core/Editor/Resources/DebugProbe.fbx - Importer: PreviewImporter
Importing 'GUID: 9e1c97fc44f9a8744b61b58f72c56de4 - Path: Packages/com.unity.render-pipelines.core/Editor/Resources/DebugProbe.fbx - Importer: PreviewImporter' with importer (PreviewImporter)
Imported 'GUID: 9e1c97fc44f9a8744b61b58f72c56de4' -> (Import Result ID: '9ab1d61e9ea335ec70fde4bb8904fec9') in 0.067 seconds [static and dynamic dependencies]. Details - ImportResultOutputID=ae9b97614dc2949329a1fa5a0ea1429d DependenciesID=addb46cccde3dd4a7ee333aaa1b35d55 StaticDependenciesID=b62bb014383e01c90c2685ac36b207b0 
Number of updated asset objects reloaded before import = 0
Number of asset objects unloaded after import = 8
========================================================================
Received Import Request.
  Time of request: 2026-08-13T12:52:43.1208858Z
  Time since last request: 0.0018911 seconds.
  importAddress: GUID: 4e8732d4875cc0647b52b55a218072b6 - Path: Packages/com.unity.render-pipelines.core/Runtime/RenderPipelineResources/Mesh/SamplesSpotlightModel.fbx - Importer: PreviewImporter
Importing 'GUID: 4e8732d4875cc0647b52b55a218072b6 - Path: Packages/com.unity.render-pipelines.core/Runtime/RenderPipelineResources/Mesh/SamplesSpotlightModel.fbx - Importer: PreviewImporter' with importer (PreviewImporter)
Imported 'GUID: 4e8732d4875cc0647b52b55a218072b6' -> (Import Result ID: '050c368d8ec1dd40ac0d043417bacc6b') in 0.202 seconds [static and dynamic dependencies]. Details - ImportResultOutputID=ba56723890f41ff56655c8048cda34c4 DependenciesID=7de458cb04090977d8cca3793813073f StaticDependenciesID=8e34d2c727f360b2296d726769a42e44 
Number of updated asset objects reloaded before import = 0
Number of asset objects unloaded after import = 42
========================================================================
Received Import Request.
  Time of request: 2026-08-13T12:52:43.3595318Z
  Time since last request: 0.0016702 seconds.
  importAddress: GUID: 9618d41bb71f74048bb6cace8785b93d - Path: Packages/com.unity.shadergraph/GraphTemplates/BuiltIn/BuiltIn Unlit Basic.shadergraph - Importer: PreviewImporter
Importing 'GUID: 9618d41bb71f74048bb6cace8785b93d - Path: Packages/com.unity.shadergraph/GraphTemplates/BuiltIn/BuiltIn Unlit Basic.shadergraph - Importer: PreviewImporter' with importer (PreviewImporter)
Imported 'GUID: 9618d41bb71f74048bb6cace8785b93d' -> (Import Result ID: '0a710d4c201904e4baedb7d216800546') in 0.044 seconds [static and dynamic dependencies]. Details - ImportResultOutputID=8b513fdaa65243042f9f021c9fd71cf6 DependenciesID=07078463e6858c4618f7438eaf2e209d StaticDependenciesID=a348ad18fb93c6f529e97c1569b0e202 
Number of updated asset objects reloaded before import = 0
Number of asset objects unloaded after import = 2
========================================================================
Received Import Request.
  Time of request: 2026-08-13T12:52:43.4401739Z
  Time since last request: 0.0019298 seconds.
  importAddress: GUID: 4717b199010ca4cb3a8a7a465ec457d2 - Path: Packages/com.unity.probuilder/Content/Material/Checker.mat - Importer: PreviewImporter
Importing 'GUID: 4717b199010ca4cb3a8a7a465ec457d2 - Path: Packages/com.unity.probuilder/Content/Material/Checker.mat - Importer: PreviewImporter' with importer (PreviewImporter)
Imported 'GUID: 4717b199010ca4cb3a8a7a465ec457d2' -> (Import Result ID: '1fdf9946845e1ff06a85954af3d01a98') in 0.289 seconds [static and dynamic dependencies]. Details - ImportResultOutputID=2bd9b91071c2a0887aaa03a3c2152c4d DependenciesID=f0d4a80c8caeb09d3a5a90dd51d16eaf StaticDependenciesID=84277d93e21a7308cad31b6b376e17c4 
Number of updated asset objects reloaded before import = 0
Number of asset objects unloaded after import = 8
========================================================================
Received Import Request.
  Time of request: 2026-08-13T12:52:43.7634041Z
  Time since last request: 0.0023074 seconds.
  importAddress: GUID: 39144937a5efe954dac51acbbe54157e - Path: Packages/com.unity.shadergraph/GraphTemplates/Cross Pipeline/0_Decal Simple.shadergraph - Importer: PreviewImporter
Importing 'GUID: 39144937a5efe954dac51acbbe54157e - Path: Packages/com.unity.shadergraph/GraphTemplates/Cross Pipeline/0_Decal Simple.shadergraph - Importer: PreviewImporter' with importer (PreviewImporter)
Imported 'GUID: 39144937a5efe954dac51acbbe54157e' -> (Import Result ID: '11b717e6c7a919589e4483820350c4a0') in 0.041 seconds [static and dynamic dependencies]. Details - ImportResultOutputID=fcb5eb1c635765ab92637f9f0fba8903 DependenciesID=e2edabb98e70dbec0d53035fcb9adcfa StaticDependenciesID=9b62da5e7a2cc02db8834eab42e2df82 
Number of updated asset objects reloaded before import = 0
Number of asset objects unloaded after import = 2
========================================================================
Received Import Request.
  Time of request: 2026-08-13T12:52:43.8412048Z
  Time since last request: 0.0021605 seconds.
  importAddress: GUID: 4ff996e3a0a5743a3987ab6231160665 - Path: Packages/com.unity.probuilder/Content/Resources/Materials/EdgePicker.mat - Importer: PreviewImporter
Importing 'GUID: 4ff996e3a0a5743a3987ab6231160665 - Path: Packages/com.unity.probuilder/Content/Resources/Materials/EdgePicker.mat - Importer: PreviewImporter' with importer (PreviewImporter)
Imported 'GUID: 4ff996e3a0a5743a3987ab6231160665' -> (Import Result ID: '2e84fcdcd143241f3eb64c89db950872') in 0.035 seconds [static and dynamic dependencies]. Details - ImportResultOutputID=19d547eb55827f08bd723e42461df349 DependenciesID=9652c03f84980932d8f22a8fcd243c8e StaticDependenciesID=cd99985acb1d9196448ad4e64cc97594 
Number of updated asset objects reloaded before import = 0
Number of asset objects unloaded after import = 1
========================================================================
Received Import Request.
  Time of request: 2026-08-13T12:52:43.9088253Z
  Time since last request: 0.0022768 seconds.
  importAddress: GUID: b3580a1917374b3da576c45252319e0c - Path: Packages/com.unity.ai.assistant/Modules/Unity.AI.Animate/Motion/Runtime/Prefabs/Actors/biped_v1/Biped_Humanoid.fbx - Importer: PreviewImporter
Importing 'GUID: b3580a1917374b3da576c45252319e0c - Path: Packages/com.unity.ai.assistant/Modules/Unity.AI.Animate/Motion/Runtime/Prefabs/Actors/biped_v1/Biped_Humanoid.fbx - Importer: PreviewImporter' with importer (PreviewImporter)
Imported 'GUID: b3580a1917374b3da576c45252319e0c' -> (Import Result ID: 'e01e59cd61c261488414a324be9e6675') in 0.246 seconds [static and dynamic dependencies]. Details - ImportResultOutputID=a84b13d637c1b7f42e57c36420bd236d DependenciesID=949b8eb0ab61a4abc20ccaf325936a85 StaticDependenciesID=04b897c231264a7bacddfa64e9f7366d 
Number of updated asset objects reloaded before import = 0
Number of asset objects unloaded after import = 173
========================================================================
Received Import Request.
  Time of request: 2026-08-13T12:52:44.1904898Z
  Time since last request: 0.0021452 seconds.
  importAddress: GUID: aee84ce0dab81b049bb88017d78a63cd - Path: Packages/com.unity.shadergraph/GraphTemplates/Cross Pipeline/1_Lit Full.shadergraph - Importer: PreviewImporter
Importing 'GUID: aee84ce0dab81b049bb88017d78a63cd - Path: Packages/com.unity.shadergraph/GraphTemplates/Cross Pipeline/1_Lit Full.shadergraph - Importer: PreviewImporter' with importer (PreviewImporter)
Imported 'GUID: aee84ce0dab81b049bb88017d78a63cd' -> (Import Result ID: '7921ab6c0443d460bebf85b4b20cb043') in 7.761 seconds [static and dynamic dependencies]. Details - ImportResultOutputID=e280c06347c12d6d8c96935752fd58b2 DependenciesID=31ba0dc84c8c643154c75ca6e9b97738 StaticDependenciesID=ee86aa9a99b19befb4e9adb6842023c6 
Number of updated asset objects reloaded before import = 0
Number of asset objects unloaded after import = 7
========================================================================
Received Import Request.
  Time of request: 2026-08-13T12:52:51.9849684Z
  Time since last request: 0.0012432 seconds.
  importAddress: GUID: a2407126e3372f64cacb75ed466a5621 - Path: Packages/com.unity.shadergraph/GraphTemplates/Cross Pipeline/0_Lit Basic.shadergraph - Importer: PreviewImporter
Importing 'GUID: a2407126e3372f64cacb75ed466a5621 - Path: Packages/com.unity.shadergraph/GraphTemplates/Cross Pipeline/0_Lit Basic.shadergraph - Importer: PreviewImporter' with importer (PreviewImporter)
Imported 'GUID: a2407126e3372f64cacb75ed466a5621' -> (Import Result ID: '4daeb02ae33528e4a22a044022f1cbd8') in 7.143 seconds [static and dynamic dependencies]. Details - ImportResultOutputID=c094895b0abca0646335a1a6b554bbd0 DependenciesID=76a17498e9ebfb640318fefebd4d3a7e StaticDependenciesID=9e56a2626c22c6455a3ba3a2b43bee3e 
Number of updated asset objects reloaded before import = 0
Number of asset objects unloaded after import = 8
========================================================================
Received Import Request.
  Time of request: 2026-08-13T12:52:59.1608287Z
  Time since last request: 0.0017579 seconds.
  importAddress: GUID: bfad0aba0faa90547b68abd10bb6be86 - Path: Packages/com.unity.render-pipelines.universal/Editor/ShaderGraph/GraphTemplates/2D/2_2D Sprite Custom Lit.shadergraph - Importer: PreviewImporter
Importing 'GUID: bfad0aba0faa90547b68abd10bb6be86 - Path: Packages/com.unity.render-pipelines.universal/Editor/ShaderGraph/GraphTemplates/2D/2_2D Sprite Custom Lit.shadergraph - Importer: PreviewImporter' with importer (PreviewImporter)
Imported 'GUID: bfad0aba0faa90547b68abd10bb6be86' -> (Import Result ID: '2236f9171ce816f293c8e2aec719a292') in 0.412 seconds [static and dynamic dependencies]. Details - ImportResultOutputID=e6c8e50d0270912ebd74bfe783c07fc6 DependenciesID=9c74ee9da116b728928fb35ac2071dc1 StaticDependenciesID=d4d02079b478f9a24a2b5593a80c4518 
Number of updated asset objects reloaded before import = 0
Number of asset objects unloaded after import = 2
========================================================================
Received Import Request.
  Time of request: 2026-08-13T12:52:59.6145827Z
  Time since last request: 0.0129804 seconds.
  importAddress: GUID: a680d9a9f8b66514abbfd3ae1c8f77f7 - Path: Packages/com.unity.shadergraph/GraphTemplates/Cross Pipeline/2_Particle Lit.shadergraph - Importer: PreviewImporter
Importing 'GUID: a680d9a9f8b66514abbfd3ae1c8f77f7 - Path: Packages/com.unity.shadergraph/GraphTemplates/Cross Pipeline/2_Particle Lit.shadergraph - Importer: PreviewImporter' with importer (PreviewImporter)
Imported 'GUID: a680d9a9f8b66514abbfd3ae1c8f77f7' -> (Import Result ID: '8e587d105406599ad66b669ba7aac815') in 6.921 seconds [static and dynamic dependencies]. Details - ImportResultOutputID=9794d3bff0ce5bf61557efd9b8121fc3 DependenciesID=05dc4e294932438d1ef9911a5440e1a1 StaticDependenciesID=2ca70569857f6fef3aff90288223fb61 
Number of updated asset objects reloaded before import = 0
Number of asset objects unloaded after import = 10
========================================================================
Received Prepare
AcceleratorClientConnectionCallback - disconnected - :0
[Licensing::Client] Successfully resolved entitlement details
Begin MonoManager ReloadAssembly
Symbol file LoadedFromMemory is not a mono symbol file
Symbol file LoadedFromMemory is not a mono symbol file
Refreshing native plugins compatible for Editor in 13.56 ms, found 5 plugins.
Native extension for WindowsStandalone target not found
Native extension for WebGL target not found
[Package Manager] Failed to launch server process. Reason: Unity was launched with the -noUpm command-line argument
[Package Manager] Unable to send message (not connected to server process).
[Package Manager] Cannot connect to Unity Package Manager local server
Refreshing native plugins compatible for Editor in 24.20 ms, found 5 plugins.
[Package Manager] Failed to launch server process. Reason: Unity was launched with the -noUpm command-line argument
[Package Manager] Unable to send message (not connected to server process).
[Package Manager] Cannot connect to Unity Package Manager local server
[MODES] ModeService[none].Initialize
[MODES] ModeService[none].LoadModes
[Licensing::Client] Error: Code 404 while processing request (status: Found 0 entitlement groups and 0 free entitlements matching requested entitlement ids)
[Licensing::Client] Error: Code 404 while processing request (status: Found 0 entitlement groups and 0 free entitlements matching requested entitlement ids)
[Licensing::Client] Error: Code 404 while processing request (status: Found 0 entitlement groups and 0 free entitlements matching requested entitlement ids)
ScheduleIndexationOnStartup MainProcess:False IndexOnStartup:True
Mono: successfully reloaded assembly
- Finished resetting the current domain, in  3.908 seconds
Domain Reload Profiling: 11232ms
	BeginReloadAssembly (2178ms)
		DisableScriptedObjects (110ms)
		CreateAndSetChildDomain (652ms)
	RebuildCommonClasses (54ms)
	RebuildNativeTypeToScriptingClass (101ms)
	initialDomainReloadingComplete (702ms)
	LoadAllAssembliesAndSetupDomain (4287ms)
		LoadAssemblies (3250ms)
		AnalyzeDomain (1687ms)
			TypeCache.Refresh (68ms)
			BuildScriptInfoCaches (1596ms)
			ResolveRequiredComponents (17ms)
	FinalizeReload (3910ms)
		SetupLoadedEditorAssemblies (0ms)
			InitializePlatformSupportModulesInManaged (5ms)
			BeforeProcessingInitializeOnLoad (344ms)
			ProcessInitializeOnLoadAttributes (1859ms)
			ProcessInitializeOnLoadMethodAttributes (1080ms)
			AfterProcessingInitializeOnLoad (14ms)
		AwakeInstancesAfterBackupRestoration (55ms)
Refreshing native plugins compatible for Editor in 19.59 ms, found 5 plugins.
Unloading 66 Unused Serialized files (Serialized files now loaded: 0)
Unloading 10412 unused Assets / (21.0 MB). Loaded Objects now: 11409.
Memory consumption went from 483.0 MB to 462.0 MB.
Total: 56.819100 ms (FindLiveObjects: 1.831300 ms CreateObjectMapping: 11.810400 ms MarkObjects: 30.025400 ms  DeleteObjects: 13.148500 ms)

Prepare: number of updated asset objects reloaded= 0
========================================================================
Received Prepare
AcceleratorClientConnectionCallback - disconnected - :0
Begin MonoManager ReloadAssembly
Symbol file LoadedFromMemory is not a mono symbol file
Symbol file LoadedFromMemory is not a mono symbol file
Refreshing native plugins compatible for Editor in 17.71 ms, found 5 plugins.
Native extension for WindowsStandalone target not found
Native extension for WebGL target not found
[Package Manager] Failed to launch server process. Reason: Unity was launched with the -noUpm command-line argument
[Package Manager] Unable to send message (not connected to server process).
[Package Manager] Cannot connect to Unity Package Manager local server
Refreshing native plugins compatible for Editor in 28.12 ms, found 5 plugins.
[Package Manager] Failed to launch server process. Reason: Unity was launched with the -noUpm command-line argument
[Package Manager] Unable to send message (not connected to server process).
[Package Manager] Cannot connect to Unity Package Manager local server
[MODES] ModeService[none].Initialize
[MODES] ModeService[none].LoadModes
[Licensing::Client] Error: Code 404 while processing request (status: Found 0 entitlement groups and 0 free entitlements matching requested entitlement ids)
[Licensing::Client] Error: Code 404 while processing request (status: Found 0 entitlement groups and 0 free entitlements matching requested entitlement ids)
[Licensing::Client] Error: Code 404 while processing request (status: Found 0 entitlement groups and 0 free entitlements matching requested entitlement ids)
ScheduleIndexationOnStartup MainProcess:False IndexOnStartup:True
Mono: successfully reloaded assembly
- Finished resetting the current domain, in  5.415 seconds
Domain Reload Profiling: 10559ms
	BeginReloadAssembly (1342ms)
		DisableScriptedObjects (21ms)
		CreateAndSetChildDomain (387ms)
	RebuildCommonClasses (50ms)
	RebuildNativeTypeToScriptingClass (122ms)
	initialDomainReloadingComplete (737ms)
	LoadAllAssembliesAndSetupDomain (2891ms)
		LoadAssemblies (2607ms)
		AnalyzeDomain (106ms)
			TypeCache.Refresh (45ms)
			ResolveRequiredComponents (42ms)
	FinalizeReload (5418ms)
		SetupLoadedEditorAssemblies (0ms)
			InitializePlatformSupportModulesInManaged (12ms)
			BeforeProcessingInitializeOnLoad (479ms)
			ProcessInitializeOnLoadAttributes (2592ms)
			ProcessInitializeOnLoadMethodAttributes (1368ms)
			AfterProcessingInitializeOnLoad (14ms)
		AwakeInstancesAfterBackupRestoration (67ms)
Refreshing native plugins compatible for Editor in 24.89 ms, found 5 plugins.
Unloading 66 Unused Serialized files (Serialized files now loaded: 0)
Unloading 10412 unused Assets / (22.0 MB). Loaded Objects now: 11418.
Memory consumption went from 484.9 MB to 462.9 MB.
Total: 71.921100 ms (FindLiveObjects: 2.966200 ms CreateObjectMapping: 14.112400 ms MarkObjects: 35.346600 ms  DeleteObjects: 19.492400 ms)

Prepare: number of updated asset objects reloaded= 0
========================================================================
Received Prepare
AcceleratorClientConnectionCallback - disconnected - :0
[Licensing::Client] Successfully resolved entitlement details
Begin MonoManager ReloadAssembly
Symbol file LoadedFromMemory is not a mono symbol file
Symbol file LoadedFromMemory is not a mono symbol file
Refreshing native plugins compatible for Editor in 22.72 ms, found 5 plugins.
Native extension for WindowsStandalone target not found
Native extension for WebGL target not found
[Package Manager] Failed to launch server process. Reason: Unity was launched with the -noUpm command-line argument
[Package Manager] Unable to send message (not connected to server process).
[Package Manager] Cannot connect to Unity Package Manager local server
Refreshing native plugins compatible for Editor in 29.48 ms, found 5 plugins.
[Package Manager] Failed to launch server process. Reason: Unity was launched with the -noUpm command-line argument
[Package Manager] Unable to send message (not connected to server process).
[Package Manager] Cannot connect to Unity Package Manager local server
[MODES] ModeService[none].Initialize
[MODES] ModeService[none].LoadModes
[Licensing::Client] Error: Code 404 while processing request (status: Found 0 entitlement groups and 0 free entitlements matching requested entitlement ids)
[Licensing::Client] Error: Code 404 while processing request (status: Found 0 entitlement groups and 0 free entitlements matching requested entitlement ids)
[Licensing::Client] Error: Code 404 while processing request (status: Found 0 entitlement groups and 0 free entitlements matching requested entitlement ids)
ScheduleIndexationOnStartup MainProcess:False IndexOnStartup:True
Mono: successfully reloaded assembly
- Finished resetting the current domain, in  5.034 seconds
Domain Reload Profiling: 7549ms
	BeginReloadAssembly (638ms)
		DisableScriptedObjects (11ms)
		CreateAndSetChildDomain (178ms)
	RebuildCommonClasses (20ms)
	RebuildNativeTypeToScriptingClass (36ms)
	initialDomainReloadingComplete (357ms)
	LoadAllAssembliesAndSetupDomain (1461ms)
		LoadAssemblies (1335ms)
		AnalyzeDomain (47ms)
			TypeCache.Refresh (22ms)
			ResolveRequiredComponents (15ms)
	FinalizeReload (5038ms)
		SetupLoadedEditorAssemblies (0ms)
			InitializePlatformSupportModulesInManaged (9ms)
			BeforeProcessingInitializeOnLoad (422ms)
			ProcessInitializeOnLoadAttributes (2492ms)
			ProcessInitializeOnLoadMethodAttributes (1392ms)
			AfterProcessingInitializeOnLoad (20ms)
		AwakeInstancesAfterBackupRestoration (72ms)
Refreshing native plugins compatible for Editor in 31.55 ms, found 5 plugins.
Unloading 66 Unused Serialized files (Serialized files now loaded: 0)
Unloading 10412 unused Assets / (22.2 MB). Loaded Objects now: 11421.
Memory consumption went from 488.4 MB to 466.2 MB.
Total: 73.562600 ms (FindLiveObjects: 2.423900 ms CreateObjectMapping: 16.647800 ms MarkObjects: 33.832000 ms  DeleteObjects: 20.655300 ms)

Prepare: number of updated asset objects reloaded= 0
========================================================================
Received Prepare
AcceleratorClientConnectionCallback - disconnected - :0
Begin MonoManager ReloadAssembly
Symbol file LoadedFromMemory is not a mono symbol file
Symbol file LoadedFromMemory is not a mono symbol file
Refreshing native plugins compatible for Editor in 14.14 ms, found 5 plugins.
Native extension for WindowsStandalone target not found
Native extension for WebGL target not found
[Package Manager] Failed to launch server process. Reason: Unity was launched with the -noUpm command-line argument
[Package Manager] Unable to send message (not connected to server process).
[Package Manager] Cannot connect to Unity Package Manager local server
Refreshing native plugins compatible for Editor in 31.07 ms, found 5 plugins.
[Package Manager] Failed to launch server process. Reason: Unity was launched with the -noUpm command-line argument
[Package Manager] Unable to send message (not connected to server process).
[Package Manager] Cannot connect to Unity Package Manager local server
[MODES] ModeService[none].Initialize
[MODES] ModeService[none].LoadModes
[Licensing::Client] Error: Code 404 while processing request (status: Found 0 entitlement groups and 0 free entitlements matching requested entitlement ids)
[Licensing::Client] Error: Code 404 while processing request (status: Found 0 entitlement groups and 0 free entitlements matching requested entitlement ids)
[Licensing::Client] Error: Code 404 while processing request (status: Found 0 entitlement groups and 0 free entitlements matching requested entitlement ids)
ScheduleIndexationOnStartup MainProcess:False IndexOnStartup:True
Mono: successfully reloaded assembly
- Finished resetting the current domain, in  4.956 seconds
Domain Reload Profiling: 7381ms
	BeginReloadAssembly (617ms)
		DisableScriptedObjects (13ms)
		CreateAndSetChildDomain (184ms)
	RebuildCommonClasses (20ms)
	RebuildNativeTypeToScriptingClass (36ms)
	initialDomainReloadingComplete (359ms)
	LoadAllAssembliesAndSetupDomain (1389ms)
		LoadAssemblies (1271ms)
		AnalyzeDomain (53ms)
			TypeCache.Refresh (24ms)
			ResolveRequiredComponents (19ms)
	FinalizeReload (4960ms)
		SetupLoadedEditorAssemblies (0ms)
			InitializePlatformSupportModulesInManaged (6ms)
			BeforeProcessingInitializeOnLoad (376ms)
			ProcessInitializeOnLoadAttributes (2526ms)
			ProcessInitializeOnLoadMethodAttributes (1377ms)
			AfterProcessingInitializeOnLoad (11ms)
		AwakeInstancesAfterBackupRestoration (78ms)
Refreshing native plugins compatible for Editor in 23.94 ms, found 5 plugins.
Unloading 66 Unused Serialized files (Serialized files now loaded: 0)
Unloading 10412 unused Assets / (21.3 MB). Loaded Objects now: 11424.
Memory consumption went from 492.0 MB to 470.6 MB.
Total: 71.382200 ms (FindLiveObjects: 3.732700 ms CreateObjectMapping: 12.303300 ms MarkObjects: 37.416400 ms  DeleteObjects: 17.926500 ms)

Prepare: number of updated asset objects reloaded= 0
========================================================================
Received Prepare
AcceleratorClientConnectionCallback - disconnected - :0
[Licensing::Client] Successfully resolved entitlement details
Begin MonoManager ReloadAssembly
Failed to create domain‐reload token.
UnityEngine.Debug:ExtractStackTraceNoAlloc (byte*,int,string)
UnityEngine.StackTraceUtility:ExtractStackTrace ()
UnityEngine.DebugLogHandler:Internal_Log (UnityEngine.LogType,UnityEngine.LogOption,string,UnityEngine.Object)
UnityEngine.DebugLogHandler:LogFormat (UnityEngine.LogType,UnityEngine.Object,string,object[])
UnityEngine.Logger:Log (UnityEngine.LogType,object)
UnityEngine.Debug:LogError (object)
Unity.AI.Generators.UI.Utilities.DomainReloadUtilities:CreateToken () (at ./Library/PackageCache/com.unity.ai.assistant@6fee27370e6a/Modules/Unity.AI.Generators.UI/Utilities/DomainReloadUtilities.cs:50)
UnityEditor.AssemblyReloadEvents:OnBeforeAssemblyReload ()

(Filename: ./Library/PackageCache/com.unity.ai.assistant@6fee27370e6a/Modules/Unity.AI.Generators.UI/Utilities/DomainReloadUtilities.cs Line: 50)

Symbol file LoadedFromMemory is not a mono symbol file
Symbol file LoadedFromMemory is not a mono symbol file
Refreshing native plugins compatible for Editor in 15.60 ms, found 5 plugins.
Native extension for WindowsStandalone target not found
Native extension for WebGL target not found
[Package Manager] Failed to launch server process. Reason: Unity was launched with the -noUpm command-line argument
[Package Manager] Unable to send message (not connected to server process).
[Package Manager] Cannot connect to Unity Package Manager local server
Refreshing native plugins compatible for Editor in 30.39 ms, found 5 plugins.
[Package Manager] Failed to launch server process. Reason: Unity was launched with the -noUpm command-line argument
[Package Manager] Unable to send message (not connected to server process).
[Package Manager] Cannot connect to Unity Package Manager local server
[MODES] ModeService[none].Initialize
[MODES] ModeService[none].LoadModes
[Licensing::Client] Error: Code 404 while processing request (status: Found 0 entitlement groups and 0 free entitlements matching requested entitlement ids)
[Licensing::Client] Error: Code 404 while processing request (status: Found 0 entitlement groups and 0 free entitlements matching requested entitlement ids)
[Licensing::Client] Error: Code 404 while processing request (status: Found 0 entitlement groups and 0 free entitlements matching requested entitlement ids)
ScheduleIndexationOnStartup MainProcess:False IndexOnStartup:True
Mono: successfully reloaded assembly
- Finished resetting the current domain, in  4.945 seconds
Domain Reload Profiling: 7629ms
	BeginReloadAssembly (700ms)
		DisableScriptedObjects (15ms)
		CreateAndSetChildDomain (189ms)
	RebuildCommonClasses (18ms)
	RebuildNativeTypeToScriptingClass (33ms)
	initialDomainReloadingComplete (360ms)
	LoadAllAssembliesAndSetupDomain (1571ms)
		LoadAssemblies (1482ms)
		AnalyzeDomain (56ms)
			TypeCache.Refresh (26ms)
			ResolveRequiredComponents (18ms)
	FinalizeReload (4948ms)
		SetupLoadedEditorAssemblies (0ms)
			InitializePlatformSupportModulesInManaged (7ms)
			BeforeProcessingInitializeOnLoad (393ms)
			ProcessInitializeOnLoadAttributes (2487ms)
			ProcessInitializeOnLoadMethodAttributes (1359ms)
			AfterProcessingInitializeOnLoad (14ms)
		AwakeInstancesAfterBackupRestoration (75ms)
Refreshing native plugins compatible for Editor in 36.53 ms, found 5 plugins.
Unloading 66 Unused Serialized files (Serialized files now loaded: 0)
Unloading 10412 unused Assets / (21.5 MB). Loaded Objects now: 11427.
Memory consumption went from 495.5 MB to 474.1 MB.
Total: 73.970600 ms (FindLiveObjects: 2.994500 ms CreateObjectMapping: 16.109400 ms MarkObjects: 35.765300 ms  DeleteObjects: 19.096500 ms)

Prepare: number of updated asset objects reloaded= 0
========================================================================
Received Prepare
AcceleratorClientConnectionCallback - disconnected - :0
[Licensing::Client] Successfully resolved entitlement details
Begin MonoManager ReloadAssembly
Symbol file LoadedFromMemory is not a mono symbol file
Symbol file LoadedFromMemory is not a mono symbol file
Refreshing native plugins compatible for Editor in 16.20 ms, found 5 plugins.
Native extension for WindowsStandalone target not found
Native extension for WebGL target not found
[Package Manager] Failed to launch server process. Reason: Unity was launched with the -noUpm command-line argument
[Package Manager] Unable to send message (not connected to server process).
[Package Manager] Cannot connect to Unity Package Manager local server
Refreshing native plugins compatible for Editor in 29.74 ms, found 5 plugins.
[Package Manager] Failed to launch server process. Reason: Unity was launched with the -noUpm command-line argument
[Package Manager] Unable to send message (not connected to server process).
[Package Manager] Cannot connect to Unity Package Manager local server
[MODES] ModeService[none].Initialize
[MODES] ModeService[none].LoadModes
[Licensing::Client] Error: Code 404 while processing request (status: Found 0 entitlement groups and 0 free entitlements matching requested entitlement ids)
[Licensing::Client] Error: Code 404 while processing request (status: Found 0 entitlement groups and 0 free entitlements matching requested entitlement ids)
[Licensing::Client] Error: Code 404 while processing request (status: Found 0 entitlement groups and 0 free entitlements matching requested entitlement ids)
ScheduleIndexationOnStartup MainProcess:False IndexOnStartup:True
Mono: successfully reloaded assembly
- Finished resetting the current domain, in  5.223 seconds
Domain Reload Profiling: 7723ms
	BeginReloadAssembly (614ms)
		DisableScriptedObjects (12ms)
		CreateAndSetChildDomain (177ms)
	RebuildCommonClasses (20ms)
	RebuildNativeTypeToScriptingClass (39ms)
	initialDomainReloadingComplete (377ms)
	LoadAllAssembliesAndSetupDomain (1447ms)
		LoadAssemblies (1324ms)
		AnalyzeDomain (49ms)
			TypeCache.Refresh (24ms)
			ResolveRequiredComponents (15ms)
	FinalizeReload (5227ms)
		SetupLoadedEditorAssemblies (0ms)
			InitializePlatformSupportModulesInManaged (8ms)
			BeforeProcessingInitializeOnLoad (420ms)
			ProcessInitializeOnLoadAttributes (2595ms)
			ProcessInitializeOnLoadMethodAttributes (1450ms)
			AfterProcessingInitializeOnLoad (14ms)
		AwakeInstancesAfterBackupRestoration (79ms)
Refreshing native plugins compatible for Editor in 25.45 ms, found 5 plugins.
Unloading 66 Unused Serialized files (Serialized files now loaded: 0)
Unloading 10412 unused Assets / (22.3 MB). Loaded Objects now: 11430.
Memory consumption went from 499.1 MB to 476.8 MB.
Total: 73.975100 ms (FindLiveObjects: 2.294800 ms CreateObjectMapping: 15.710100 ms MarkObjects: 35.558400 ms  DeleteObjects: 20.407600 ms)

Prepare: number of updated asset objects reloaded= 0
========================================================================
Received Prepare
AcceleratorClientConnectionCallback - disconnected - :0
Begin MonoManager ReloadAssembly
Symbol file LoadedFromMemory is not a mono symbol file
Symbol file LoadedFromMemory is not a mono symbol file
Refreshing native plugins compatible for Editor in 16.19 ms, found 5 plugins.
Native extension for WindowsStandalone target not found
Native extension for WebGL target not found
[Package Manager] Failed to launch server process. Reason: Unity was launched with the -noUpm command-line argument
[Package Manager] Unable to send message (not connected to server process).
[Package Manager] Cannot connect to Unity Package Manager local server
[Licensing::Client] Successfully resolved entitlement details
Refreshing native plugins compatible for Editor in 30.47 ms, found 5 plugins.
[Package Manager] Failed to launch server process. Reason: Unity was launched with the -noUpm command-line argument
[Package Manager] Unable to send message (not connected to server process).
[Package Manager] Cannot connect to Unity Package Manager local server
[MODES] ModeService[none].Initialize
[MODES] ModeService[none].LoadModes
[Licensing::Client] Error: Code 404 while processing request (status: Found 0 entitlement groups and 0 free entitlements matching requested entitlement ids)
[Licensing::Client] Error: Code 404 while processing request (status: Found 0 entitlement groups and 0 free entitlements matching requested entitlement ids)
[Licensing::Client] Error: Code 404 while processing request (status: Found 0 entitlement groups and 0 free entitlements matching requested entitlement ids)
ScheduleIndexationOnStartup MainProcess:False IndexOnStartup:True
Mono: successfully reloaded assembly
- Finished resetting the current domain, in  5.208 seconds
Domain Reload Profiling: 7656ms
	BeginReloadAssembly (643ms)
		DisableScriptedObjects (15ms)
		CreateAndSetChildDomain (183ms)
	RebuildCommonClasses (18ms)
	RebuildNativeTypeToScriptingClass (34ms)
	initialDomainReloadingComplete (351ms)
	LoadAllAssembliesAndSetupDomain (1398ms)
		LoadAssemblies (1313ms)
		AnalyzeDomain (47ms)
			TypeCache.Refresh (22ms)
			ResolveRequiredComponents (14ms)
	FinalizeReload (5211ms)
		SetupLoadedEditorAssemblies (0ms)
			InitializePlatformSupportModulesInManaged (9ms)
			BeforeProcessingInitializeOnLoad (398ms)
			ProcessInitializeOnLoadAttributes (2568ms)
			ProcessInitializeOnLoadMethodAttributes (1446ms)
			AfterProcessingInitializeOnLoad (18ms)
		AwakeInstancesAfterBackupRestoration (74ms)
Refreshing native plugins compatible for Editor in 26.86 ms, found 5 plugins.
Unloading 66 Unused Serialized files (Serialized files now loaded: 0)
Unloading 10412 unused Assets / (22.7 MB). Loaded Objects now: 11433.
Memory consumption went from 503.5 MB to 480.8 MB.
Total: 72.101100 ms (FindLiveObjects: 3.964900 ms CreateObjectMapping: 13.776200 ms MarkObjects: 34.553700 ms  DeleteObjects: 19.802700 ms)

Prepare: number of updated asset objects reloaded= 0
========================================================================
Received Prepare
AcceleratorClientConnectionCallback - disconnected - :0
Refreshing native plugins compatible for Editor in 16.68 ms, found 5 plugins.
Unloading 66 Unused Serialized files (Serialized files now loaded: 0)
Unloading 66 unused Assets / (13.8 MB). Loaded Objects now: 11433.
Memory consumption went from 499.5 MB to 485.7 MB.
Total: 43.562400 ms (FindLiveObjects: 1.387000 ms CreateObjectMapping: 5.049500 ms MarkObjects: 33.325600 ms  DeleteObjects: 3.797200 ms)

Prepare: number of updated asset objects reloaded= 0
========================================================================
Received Prepare
AcceleratorClientConnectionCallback - disconnected - :0
[Licensing::Client] Successfully resolved entitlement details
Begin MonoManager ReloadAssembly
Symbol file LoadedFromMemory is not a mono symbol file
Symbol file LoadedFromMemory is not a mono symbol file
Refreshing native plugins compatible for Editor in 11.63 ms, found 5 plugins.
Native extension for WindowsStandalone target not found
Native extension for WebGL target not found
[Package Manager] Failed to launch server process. Reason: Unity was launched with the -noUpm command-line argument
[Package Manager] Unable to send message (not connected to server process).
[Package Manager] Cannot connect to Unity Package Manager local server
Refreshing native plugins compatible for Editor in 16.72 ms, found 5 plugins.
[Package Manager] Failed to launch server process. Reason: Unity was launched with the -noUpm command-line argument
[Package Manager] Unable to send message (not connected to server process).
[Package Manager] Cannot connect to Unity Package Manager local server
[MODES] ModeService[none].Initialize
[MODES] ModeService[none].LoadModes
[Licensing::Client] Error: Code 404 while processing request (status: Found 0 entitlement groups and 0 free entitlements matching requested entitlement ids)
[Licensing::Client] Error: Code 404 while processing request (status: Found 0 entitlement groups and 0 free entitlements matching requested entitlement ids)
[Licensing::Client] Error: Code 404 while processing request (status: Found 0 entitlement groups and 0 free entitlements matching requested entitlement ids)
ScheduleIndexationOnStartup MainProcess:False IndexOnStartup:True
Mono: successfully reloaded assembly
- Finished resetting the current domain, in  3.898 seconds
Domain Reload Profiling: 7434ms
	BeginReloadAssembly (673ms)
		DisableScriptedObjects (16ms)
		CreateAndSetChildDomain (192ms)
	RebuildCommonClasses (20ms)
	RebuildNativeTypeToScriptingClass (37ms)
	initialDomainReloadingComplete (444ms)
	LoadAllAssembliesAndSetupDomain (2359ms)
		LoadAssemblies (1430ms)
		AnalyzeDomain (870ms)
			TypeCache.Refresh (33ms)
			BuildScriptInfoCaches (814ms)
			ResolveRequiredComponents (17ms)
	FinalizeReload (3901ms)
		SetupLoadedEditorAssemblies (0ms)
			InitializePlatformSupportModulesInManaged (7ms)
			BeforeProcessingInitializeOnLoad (324ms)
			ProcessInitializeOnLoadAttributes (1948ms)
			ProcessInitializeOnLoadMethodAttributes (990ms)
			AfterProcessingInitializeOnLoad (8ms)
		AwakeInstancesAfterBackupRestoration (58ms)
Refreshing native plugins compatible for Editor in 14.82 ms, found 5 plugins.
Unloading 66 Unused Serialized files (Serialized files now loaded: 0)
Unloading 10412 unused Assets / (22.0 MB). Loaded Objects now: 11436.
Memory consumption went from 0.51 GB to 504.6 MB.
Total: 62.702400 ms (FindLiveObjects: 2.932600 ms CreateObjectMapping: 12.216200 ms MarkObjects: 34.891000 ms  DeleteObjects: 12.658800 ms)

Prepare: number of updated asset objects reloaded= 0
========================================================================
Received Prepare
AcceleratorClientConnectionCallback - disconnected - :0
Begin MonoManager ReloadAssembly
Symbol file LoadedFromMemory is not a mono symbol file
Symbol file LoadedFromMemory is not a mono symbol file
Refreshing native plugins compatible for Editor in 20.66 ms, found 5 plugins.
Native extension for WindowsStandalone target not found
Native extension for WebGL target not found
[Package Manager] Failed to launch server process. Reason: Unity was launched with the -noUpm command-line argument
[Package Manager] Unable to send message (not connected to server process).
[Package Manager] Cannot connect to Unity Package Manager local server
Refreshing native plugins compatible for Editor in 26.27 ms, found 5 plugins.
[Package Manager] Failed to launch server process. Reason: Unity was launched with the -noUpm command-line argument
[Package Manager] Unable to send message (not connected to server process).
[Package Manager] Cannot connect to Unity Package Manager local server
[MODES] ModeService[none].Initialize
[MODES] ModeService[none].LoadModes
[Licensing::Client] Error: Code 404 while processing request (status: Found 0 entitlement groups and 0 free entitlements matching requested entitlement ids)
[Licensing::Client] Error: Code 404 while processing request (status: Found 0 entitlement groups and 0 free entitlements matching requested entitlement ids)
[Licensing::Client] Error: Code 404 while processing request (status: Found 0 entitlement groups and 0 free entitlements matching requested entitlement ids)
ScheduleIndexationOnStartup MainProcess:False IndexOnStartup:True
Mono: successfully reloaded assembly
- Finished resetting the current domain, in  5.345 seconds
Domain Reload Profiling: 8052ms
	BeginReloadAssembly (727ms)
		DisableScriptedObjects (19ms)
		CreateAndSetChildDomain (223ms)
	RebuildCommonClasses (22ms)
	RebuildNativeTypeToScriptingClass (36ms)
	initialDomainReloadingComplete (428ms)
	LoadAllAssembliesAndSetupDomain (1492ms)
		LoadAssemblies (1412ms)
		AnalyzeDomain (52ms)
			TypeCache.Refresh (26ms)
			ResolveRequiredComponents (16ms)
	FinalizeReload (5348ms)
		SetupLoadedEditorAssemblies (0ms)
			InitializePlatformSupportModulesInManaged (8ms)
			BeforeProcessingInitializeOnLoad (456ms)
			ProcessInitializeOnLoadAttributes (2653ms)
			ProcessInitializeOnLoadMethodAttributes (1486ms)
			AfterProcessingInitializeOnLoad (16ms)
		AwakeInstancesAfterBackupRestoration (82ms)
Refreshing native plugins compatible for Editor in 32.05 ms, found 5 plugins.
Unloading 66 Unused Serialized files (Serialized files now loaded: 0)
Unloading 10412 unused Assets / (26.2 MB). Loaded Objects now: 11439.
Memory consumption went from 0.51 GB to 499.4 MB.
Total: 99.681200 ms (FindLiveObjects: 2.827000 ms CreateObjectMapping: 17.053600 ms MarkObjects: 37.695600 ms  DeleteObjects: 42.101000 ms)

Prepare: number of updated asset objects reloaded= 0
========================================================================
Received Prepare
AcceleratorClientConnectionCallback - disconnected - :0
Begin MonoManager ReloadAssembly
Symbol file LoadedFromMemory is not a mono symbol file
Symbol file LoadedFromMemory is not a mono symbol file
Refreshing native plugins compatible for Editor in 29.58 ms, found 5 plugins.
Native extension for WindowsStandalone target not found
Native extension for WebGL target not found
[Package Manager] Failed to launch server process. Reason: Unity was launched with the -noUpm command-line argument
[Package Manager] Unable to send message (not connected to server process).
[Package Manager] Cannot connect to Unity Package Manager local server
[Licensing::Client] Successfully resolved entitlement details
Refreshing native plugins compatible for Editor in 30.71 ms, found 5 plugins.
[Package Manager] Failed to launch server process. Reason: Unity was launched with the -noUpm command-line argument
[Package Manager] Unable to send message (not connected to server process).
[Package Manager] Cannot connect to Unity Package Manager local server
[MODES] ModeService[none].Initialize
[MODES] ModeService[none].LoadModes
[Licensing::Client] Error: Code 404 while processing request (status: Found 0 entitlement groups and 0 free entitlements matching requested entitlement ids)
[Licensing::Client] Error: Code 404 while processing request (status: Found 0 entitlement groups and 0 free entitlements matching requested entitlement ids)
[Licensing::Client] Error: Code 404 while processing request (status: Found 0 entitlement groups and 0 free entitlements matching requested entitlement ids)
ScheduleIndexationOnStartup MainProcess:False IndexOnStartup:True
Mono: successfully reloaded assembly
- Finished resetting the current domain, in  5.424 seconds
Domain Reload Profiling: 7947ms
	BeginReloadAssembly (680ms)
		DisableScriptedObjects (16ms)
		CreateAndSetChildDomain (179ms)
	RebuildCommonClasses (26ms)
	RebuildNativeTypeToScriptingClass (31ms)
	initialDomainReloadingComplete (364ms)
	LoadAllAssembliesAndSetupDomain (1418ms)
		LoadAssemblies (1318ms)
		AnalyzeDomain (55ms)
			TypeCache.Refresh (22ms)
			ResolveRequiredComponents (21ms)
	FinalizeReload (5428ms)
		SetupLoadedEditorAssemblies (0ms)
			InitializePlatformSupportModulesInManaged (9ms)
			BeforeProcessingInitializeOnLoad (425ms)
			ProcessInitializeOnLoadAttributes (2709ms)
			ProcessInitializeOnLoadMethodAttributes (1452ms)
			AfterProcessingInitializeOnLoad (19ms)
			EditorAssembliesLoaded (3ms)
		AwakeInstancesAfterBackupRestoration (84ms)
Refreshing native plugins compatible for Editor in 29.55 ms, found 5 plugins.
Unloading 66 Unused Serialized files (Serialized files now loaded: 0)
Unloading 10412 unused Assets / (22.8 MB). Loaded Objects now: 11442.
Memory consumption went from 0.52 GB to 506.5 MB.
Total: 78.920800 ms (FindLiveObjects: 2.952100 ms CreateObjectMapping: 18.034600 ms MarkObjects: 37.664700 ms  DeleteObjects: 20.265100 ms)

Prepare: number of updated asset objects reloaded= 0
========================================================================
Received Prepare
AcceleratorClientConnectionCallback - disconnected - :0
Begin MonoManager ReloadAssembly
Symbol file LoadedFromMemory is not a mono symbol file
Symbol file LoadedFromMemory is not a mono symbol file
Refreshing native plugins compatible for Editor in 21.19 ms, found 5 plugins.
Native extension for WindowsStandalone target not found
Native extension for WebGL target not found
[Package Manager] Failed to launch server process. Reason: Unity was launched with the -noUpm command-line argument
[Package Manager] Unable to send message (not connected to server process).
[Package Manager] Cannot connect to Unity Package Manager local server
Refreshing native plugins compatible for Editor in 27.90 ms, found 5 plugins.
[Package Manager] Failed to launch server process. Reason: Unity was launched with the -noUpm command-line argument
[Package Manager] Unable to send message (not connected to server process).
[Package Manager] Cannot connect to Unity Package Manager local server
[MODES] ModeService[none].Initialize
[MODES] ModeService[none].LoadModes
[Licensing::Client] Error: Code 404 while processing request (status: Found 0 entitlement groups and 0 free entitlements matching requested entitlement ids)
[Licensing::Client] Error: Code 404 while processing request (status: Found 0 entitlement groups and 0 free entitlements matching requested entitlement ids)
[Licensing::Client] Error: Code 404 while processing request (status: Found 0 entitlement groups and 0 free entitlements matching requested entitlement ids)
ScheduleIndexationOnStartup MainProcess:False IndexOnStartup:True
Mono: successfully reloaded assembly
- Finished resetting the current domain, in  5.352 seconds
Domain Reload Profiling: 7864ms
	BeginReloadAssembly (679ms)
		DisableScriptedObjects (12ms)
		CreateAndSetChildDomain (202ms)
	RebuildCommonClasses (24ms)
	RebuildNativeTypeToScriptingClass (38ms)
	initialDomainReloadingComplete (357ms)
	LoadAllAssembliesAndSetupDomain (1409ms)
		LoadAssemblies (1317ms)
		AnalyzeDomain (55ms)
			TypeCache.Refresh (26ms)
			ResolveRequiredComponents (19ms)
	FinalizeReload (5356ms)
		SetupLoadedEditorAssemblies (0ms)
			InitializePlatformSupportModulesInManaged (7ms)
			BeforeProcessingInitializeOnLoad (409ms)
			ProcessInitializeOnLoadAttributes (2614ms)
			ProcessInitializeOnLoadMethodAttributes (1506ms)
			AfterProcessingInitializeOnLoad (16ms)
		AwakeInstancesAfterBackupRestoration (84ms)
Refreshing native plugins compatible for Editor in 28.21 ms, found 5 plugins.
Unloading 66 Unused Serialized files (Serialized files now loaded: 0)
Unloading 10412 unused Assets / (22.7 MB). Loaded Objects now: 11445.
Memory consumption went from 0.52 GB to 510.2 MB.
Total: 74.456100 ms (FindLiveObjects: 2.604000 ms CreateObjectMapping: 15.978800 ms MarkObjects: 35.967800 ms  DeleteObjects: 19.901700 ms)

Prepare: number of updated asset objects reloaded= 0
========================================================================
Received Prepare
AcceleratorClientConnectionCallback - disconnected - :0
Refreshing native plugins compatible for Editor in 14.74 ms, found 5 plugins.
Unloading 66 Unused Serialized files (Serialized files now loaded: 0)
Unloading 66 unused Assets / (13.8 MB). Loaded Objects now: 11445.
Memory consumption went from 0.52 GB to 0.50 GB.
Total: 48.290900 ms (FindLiveObjects: 1.617500 ms CreateObjectMapping: 6.705400 ms MarkObjects: 35.365600 ms  DeleteObjects: 4.598300 ms)

Prepare: number of updated asset objects reloaded= 0
Editor requested this worker to shutdown with reason: Editor is closing down
AcceleratorClientConnectionCallback - disconnected - :0
AssetImportWorker is now disconnected from the server
Process exiting
Exiting without the bug reporter. Application will terminate with return code 0