[Licensing::Module] Trying to connect to existing licensing client channel...
Built from '6000.5/staging' branch; Version is '6000.5.0f1 (88b47c5e7076) revision 8959100'; Using compiler version '194234433'; Build Type 'Release'
OS: 'Windows 11  (10.0.26200) Professional' Language: 'ja' Physical Memory: 16208 MB
BatchMode: 1, IsHumanControllingUs: 0, StartBugReporterOnCrash: 0, Is64bit: 1
System  architecture: x64
Process architecture: x64
Date: 2026-08-06T06:50:18Z
[Licensing::IpcConnector] Successfully connected to: "LicenseClient-masa" at "2026-08-06T06:50:18.9820735Z"

COMMAND LINE ARGUMENTS:
C:\Program Files\Unity\Hub\Editor\6000.5.0f1\Editor\Unity.exe
-adb2
-batchMode
-noUpm
-name
AssetImportWorkerHW2
-projectPath
C:/Users/masa/Unity/t6-M6/Molkky
-logFile
Logs/AssetImportWorkerHW2.log
-srvPort
61088
-parentPid
14992
-analyticsCloudUserId
anonymous
-analyticsCloudProjectId
ca0305d8-fd50-418a-928d-79e1b140c2d6
-analyticsLocalProjectId
3e589db341a320c4cadce79fc2ab57c8
-licensingIpc
LicenseClient-masa
-noDiagnosticSwitchPersistentStore
-job-worker-count
5
-background-job-worker-count
8
-asset-garbage-collectors
1
-force-d3d12
-name
AssetImport
Successfully changed project path to: C:/Users/masa/Unity/t6-M6/Molkky
C:/Users/masa/Unity/t6-M6/Molkky
[UnityMemory] Configuration Parameters - Can be set up in boot.config
    "memorysetup-temp-allocator-size-gi-baking-worker=262144"
    "memorysetup-temp-allocator-size-gi-baking-worker=262144"
    "memorysetup-temp-allocator-size-gi-baking-worker=262144"
    "memorysetup-temp-allocator-size-gi-baking-worker=262144"
    "memorysetup-temp-allocator-size-gi-baking-worker=262144"
    "memorysetup-temp-allocator-size-nav-mesh-worker=65536"
    "memorysetup-temp-allocator-size-audio-worker=65536"
    "memorysetup-temp-allocator-size-cloud-worker=32768"
    "memorysetup-temp-allocator-size-gfx=262144"
    "memorysetup-temp-allocator-size-preload-manager=33554432"
    "memorysetup-allocator-temp-initial-block-size-main=262144"
    "memorysetup-allocator-temp-initial-block-size-worker=262144"
    "memorysetup-temp-allocator-size-job-worker=262144"
    "memorysetup-temp-allocator-size-background-worker=32768"
    "memorysetup-bucket-allocator-granularity=16"
    "memorysetup-bucket-allocator-bucket-count=8"
    "memorysetup-bucket-allocator-block-size=33554432"
    "memorysetup-bucket-allocator-block-count=8"
    "memorysetup-main-allocator-block-size=16777216"
    "memorysetup-thread-allocator-block-size=16777216"
    "memorysetup-main-allocator-mimalloc-enabled=0"
    "memorysetup-gfx-main-allocator-block-size=16777216"
    "memorysetup-gfx-thread-allocator-block-size=16777216"
    "memorysetup-cache-allocator-block-size=4194304"
    "memorysetup-typetree-allocator-block-size=2097152"
    "memorysetup-profiler-bucket-allocator-granularity=16"
    "memorysetup-profiler-bucket-allocator-bucket-count=8"
    "memorysetup-profiler-bucket-allocator-block-size=33554432"
    "memorysetup-profiler-bucket-allocator-block-count=8"
    "memorysetup-profiler-allocator-block-size=16777216"
    "memorysetup-profiler-editor-allocator-block-size=1048576"
    "memorysetup-temp-allocator-size-main=16777216"
    "memorysetup-job-temp-allocator-block-size=2097152"
    "memorysetup-job-temp-allocator-block-size-background=1048576"
    "memorysetup-job-temp-allocator-reduction-small-platforms=262144"
Player connection [6636]  Target information:

Player connection [6636]  * "[IP] 172.22.128.1 [Port] 0 [Flags] 2 [Guid] 2415002369 [EditorId] 2415002369 [Version] 1048832 [Id] WindowsEditor(7,TABLET-9LV0G929) [Debug] 1 [PackageName] WindowsEditor [ProjectName] Editor" 

Player connection [6636]  * "[IP] 10.23.114.199 [Port] 0 [Flags] 2 [Guid] 2415002369 [EditorId] 2415002369 [Version] 1048832 [Id] WindowsEditor(7,TABLET-9LV0G929) [Debug] 1 [PackageName] WindowsEditor [ProjectName] Editor" 

Player connection [6636] Host joined multi-casting on [225.0.0.222:54997]...
Player connection [6636] Host joined alternative multi-casting on [225.0.0.222:34997]...
JobSystem: Creating JobQueue using job-worker-count value 5
Input System module state changed to: Initialized.
[Physics::Module] Initialized fallback backend.
[Physics::Module] Id: 0xdecafbad
Library Redirect Path: Library/
[Physics::Module] Selected backend.
[Physics::Module] Name: PhysX
[Physics::Module] Id: 0xf2b8ea05
[Physics::Module] SDK Version: 4.1.2
[Physics::Module] Integration Version: 1.0.0
[Physics::Module] Threading Mode: Multi-Threaded
Refreshing native plugins compatible for Editor in 34.29 ms, found 5 plugins.
Preloading 1 native plugins for Editor in 6.69 ms.
Initialize engine version: 6000.5.0f1 (88b47c5e7076)
[Subsystems] Discovering subsystems at path C:/Program Files/Unity/Hub/Editor/6000.5.0f1/Editor/Data/Resources/UnitySubsystems
[Subsystems] Discovering subsystems at path C:/Users/masa/Unity/t6-M6/Molkky/Assets
Forcing GfxDevice: Direct3D 12
GfxDevice: creating device client; kGfxThreadingModeNonThreaded
d3d12: failed to query info queue interface (0x80004002).
Direct3D:
    Version:         Direct3D 12 [level 12.1]
    Renderer:        Intel(R) Iris(R) Xe Graphics (ID=0x46a8)
    Vendor:          Intel
    VRAM:            8104 MB
    App VRAM Budget: 7442 MB
    Driver:          32.0.101.6737
    Unified Memory Architecture
    Cache Coherent UMA
Initialize mono
Mono path[0] = 'C:/Program Files/Unity/Hub/Editor/6000.5.0f1/Editor/Data/Managed'
Mono path[1] = 'C:/Program Files/Unity/Hub/Editor/6000.5.0f1/Editor/Data/BCLExtensions/runtime/netstandard2.1'
Mono path[2] = 'C:/Program Files/Unity/Hub/Editor/6000.5.0f1/Editor/Data/MonoBleedingEdge/lib/mono/unityjit-win32'
Mono config path = 'C:/Program Files/Unity/Hub/Editor/6000.5.0f1/Editor/Data/MonoBleedingEdge/etc'
Using monoOptions --debugger-agent=transport=dt_socket,embedding=1,server=y,suspend=n,address=127.0.0.1:56992
CodeReloadManager initialized
Begin MonoManager ReloadAssembly
Registering precompiled unity dll's ...
Register platform support module: C:/Program Files/Unity/Hub/Editor/6000.5.0f1/Editor/Data/PlaybackEngines/WebGLSupport/UnityEditor.WebGL.Extensions.dll
Register platform support module: C:/Program Files/Unity/Hub/Editor/6000.5.0f1/Editor/Data/PlaybackEngines/WindowsStandaloneSupport/UnityEditor.WindowsStandalone.Extensions.dll
Registered in 0.017838 seconds.
Native extension for WindowsStandalone target not found
Native extension for WebGL target not found
Package Manager log level set to [2]
[Package Manager] Failed to launch server process. Reason: Unity was launched with the -noUpm command-line argument
[Package Manager] Unable to send message (not connected to server process).
[Package Manager] Cannot connect to Unity Package Manager local server
ScheduleIndexationOnStartup MainProcess:False IndexOnStartup:True
Mono: successfully reloaded assembly
- Finished resetting the current domain, in  1.794 seconds
Domain Reload Profiling: 4083ms
	BeginReloadAssembly (574ms)
	RebuildCommonClasses (13ms)
	RebuildNativeTypeToScriptingClass (50ms)
	initialDomainReloadingComplete (523ms)
	LoadAllAssembliesAndSetupDomain (1121ms)
		LoadAssemblies (574ms)
		AnalyzeDomain (779ms)
			TypeCache.Refresh (773ms)
				TypeCache.ScanAssembly (715ms)
	FinalizeReload (1803ms)
		SetupLoadedEditorAssemblies (0ms)
			InitializePlatformSupportModulesInManaged (13ms)
			BeforeProcessingInitializeOnLoad (380ms)
			ProcessInitializeOnLoadAttributes (436ms)
			ProcessInitializeOnLoadMethodAttributes (578ms)
[Licensing::Client] Error: HandshakeResponse reported an error:
	ResponseCode: 505
	ResponseStatus: Unsupported protocol version '1.18.1'.
[Licensing::Module] Error: Failed to handshake to channel: "LicenseClient-masa"
[Licensing::IpcConnector] LicenseClient-masa channel disconnected successfully.
[Licensing::IpcConnector] Successfully connected to: "LicenseClient-masa-6000.5.0" at "2026-08-06T06:50:25.5644793Z"
[Licensing::Client] Code 10 while verifying Licensing Client signature (process Id: 1320, path: "C:/Program Files/Unity/Hub/Editor/6000.5.0f1/Editor/Data/Resources/Licensing/Client/Unity.Licensing.Client.exe")
[Licensing::Module] LicensingClient has failed validation; ignoring
[Licensing::Client] Handshaking with LicensingClient:
  Version:                 1.18.1+9fbee8e
  Session Id:              c01c468265984f819ef9cc2a5432e424
  Correlation Id:          3a54519bf0834e48ebfd2622652f21aa
  External correlation Id: 4833976300458083044
  Machine Id:              gbT04UQo8uaxY5mdXKKMFGwOajQ=
[Licensing::Module] Successfully connected to LicensingClient on channel: "LicenseClient-masa-6000.5.0" (connect: 0.00s, validation: 0.01s, handshake: 0.03s)
[Licensing::IpcConnector] Successfully connected to: "LicenseClient-masa-6000.5.0-notifications" at "2026-08-06T06:50:25.6087189Z"
[Licensing::Module] Licensing Background thread has ended after 6.63s
Initializing Unity extensions:
[Licensing::Client] Successfully resolved entitlement details
[Licensing::Module] License group:
  Id: 15669721729732-UnityPersXXXX
  Product: Unity Personal
  Type: Assigned
  Expiration: Unlimited
Curl error 3: URL rejected: Malformed input to a URL function
========================================================================
Worker process is ready to serve import requests
Import Worker Mode flag is 0x00
Begin MonoManager ReloadAssembly
Symbol file LoadedFromMemory is not a mono symbol file
Symbol file LoadedFromMemory is not a mono symbol file
Refreshing native plugins compatible for Editor in 24.67 ms, found 5 plugins.
Native extension for WindowsStandalone target not found
Native extension for WebGL target not found
[Package Manager] Failed to launch server process. Reason: Unity was launched with the -noUpm command-line argument
[Package Manager] Unable to send message (not connected to server process).
[Package Manager] Cannot connect to Unity Package Manager local server
Refreshing native plugins compatible for Editor in 33.30 ms, found 5 plugins.
[Package Manager] Failed to launch server process. Reason: Unity was launched with the -noUpm command-line argument
[Package Manager] Unable to send message (not connected to server process).
[Package Manager] Cannot connect to Unity Package Manager local server
[MODES] ModeService[none].Initialize
[MODES] ModeService[none].LoadModes
[MODES] Loading mode Default (0) for mode-current-id-Molkky
[Licensing::Client] Error: Code 404 while processing request (status: Found 0 entitlement groups and 0 free entitlements matching requested entitlement ids)
[Licensing::Client] Error: Code 404 while processing request (status: Found 0 entitlement groups and 0 free entitlements matching requested entitlement ids)
[Licensing::Client] Error: Code 404 while processing request (status: Found 0 entitlement groups and 0 free entitlements matching requested entitlement ids)
ScheduleIndexationOnStartup MainProcess:False IndexOnStartup:True
Mono: successfully reloaded assembly
- Finished resetting the current domain, in  5.705 seconds
Domain Reload Profiling: 11866ms
	BeginReloadAssembly (855ms)
		DisableScriptedObjects (17ms)
		CreateAndSetChildDomain (88ms)
	RebuildCommonClasses (25ms)
	RebuildNativeTypeToScriptingClass (61ms)
	initialDomainReloadingComplete (859ms)
	LoadAllAssembliesAndSetupDomain (4359ms)
		LoadAssemblies (2923ms)
		AnalyzeDomain (1574ms)
			TypeCache.Refresh (1249ms)
				TypeCache.ScanAssembly (1172ms)
			BuildScriptInfoCaches (299ms)
			ResolveRequiredComponents (19ms)
	FinalizeReload (5707ms)
		SetupLoadedEditorAssemblies (0ms)
			InitializePlatformSupportModulesInManaged (8ms)
			BeforeProcessingInitializeOnLoad (396ms)
			ProcessInitializeOnLoadAttributes (3225ms)
			ProcessInitializeOnLoadMethodAttributes (1132ms)
			AfterProcessingInitializeOnLoad (17ms)
		AwakeInstancesAfterBackupRestoration (10ms)
AcceleratorClientConnectionCallback - disconnected - :0
Launched and connected shader compiler UnityShaderCompiler.exe after 0.07 seconds
Refreshing native plugins compatible for Editor in 23.15 ms, found 5 plugins.
Unloading 66 Unused Serialized files (Serialized files now loaded: 0)
Curl error 3: URL rejected: Malformed input to a URL function
Unloading 10414 unused Assets / (22.6 MB). Loaded Objects now: 11286.
Memory consumption went from 465.8 MB to 443.2 MB.
Total: 61.082600 ms (FindLiveObjects: 5.005300 ms CreateObjectMapping: 10.940500 ms MarkObjects: 30.714200 ms  DeleteObjects: 14.415100 ms)

========================================================================
Received Prepare
AcceleratorClientConnectionCallback - disconnected - :0
[Licensing::Client] Successfully resolved entitlement details
Begin MonoManager ReloadAssembly
Symbol file LoadedFromMemory is not a mono symbol file
Symbol file LoadedFromMemory is not a mono symbol file
Refreshing native plugins compatible for Editor in 14.36 ms, found 5 plugins.
Native extension for WindowsStandalone target not found
Native extension for WebGL target not found
[Package Manager] Failed to launch server process. Reason: Unity was launched with the -noUpm command-line argument
[Package Manager] Unable to send message (not connected to server process).
[Package Manager] Cannot connect to Unity Package Manager local server
Refreshing native plugins compatible for Editor in 47.05 ms, found 5 plugins.
[Package Manager] Failed to launch server process. Reason: Unity was launched with the -noUpm command-line argument
[Package Manager] Unable to send message (not connected to server process).
[Package Manager] Cannot connect to Unity Package Manager local server
[MODES] ModeService[none].Initialize
[MODES] ModeService[none].LoadModes
[Licensing::Client] Error: Code 404 while processing request (status: Found 0 entitlement groups and 0 free entitlements matching requested entitlement ids)
[Licensing::Client] Error: Code 404 while processing request (status: Found 0 entitlement groups and 0 free entitlements matching requested entitlement ids)
[Licensing::Client] Error: Code 404 while processing request (status: Found 0 entitlement groups and 0 free entitlements matching requested entitlement ids)
ScheduleIndexationOnStartup MainProcess:False IndexOnStartup:True
Mono: successfully reloaded assembly
- Finished resetting the current domain, in  4.403 seconds
Domain Reload Profiling: 7694ms
	BeginReloadAssembly (831ms)
		DisableScriptedObjects (13ms)
		CreateAndSetChildDomain (232ms)
	RebuildCommonClasses (21ms)
	RebuildNativeTypeToScriptingClass (33ms)
	initialDomainReloadingComplete (477ms)
	LoadAllAssembliesAndSetupDomain (1927ms)
		LoadAssemblies (1864ms)
		AnalyzeDomain (71ms)
			TypeCache.Refresh (22ms)
			ResolveRequiredComponents (15ms)
	FinalizeReload (4405ms)
		SetupLoadedEditorAssemblies (0ms)
			InitializePlatformSupportModulesInManaged (7ms)
			BeforeProcessingInitializeOnLoad (325ms)
			ProcessInitializeOnLoadAttributes (2077ms)
			ProcessInitializeOnLoadMethodAttributes (1089ms)
			AfterProcessingInitializeOnLoad (17ms)
		AwakeInstancesAfterBackupRestoration (52ms)
Refreshing native plugins compatible for Editor in 17.99 ms, found 5 plugins.
Unloading 66 Unused Serialized files (Serialized files now loaded: 0)
Unloading 10410 unused Assets / (22.8 MB). Loaded Objects now: 11331.
Memory consumption went from 446.7 MB to 424.0 MB.
Total: 62.790400 ms (FindLiveObjects: 2.882200 ms CreateObjectMapping: 12.474800 ms MarkObjects: 31.763500 ms  DeleteObjects: 15.666800 ms)

Prepare: number of updated asset objects reloaded= 0
========================================================================
Received Prepare
AcceleratorClientConnectionCallback - disconnected - :0
[Licensing::Client] Successfully resolved entitlement details
Begin MonoManager ReloadAssembly
Symbol file LoadedFromMemory is not a mono symbol file
Symbol file LoadedFromMemory is not a mono symbol file
Refreshing native plugins compatible for Editor in 23.58 ms, found 5 plugins.
Native extension for WindowsStandalone target not found
Native extension for WebGL target not found
[Package Manager] Failed to launch server process. Reason: Unity was launched with the -noUpm command-line argument
[Package Manager] Unable to send message (not connected to server process).
[Package Manager] Cannot connect to Unity Package Manager local server
Refreshing native plugins compatible for Editor in 23.45 ms, found 5 plugins.
[Package Manager] Failed to launch server process. Reason: Unity was launched with the -noUpm command-line argument
[Package Manager] Unable to send message (not connected to server process).
[Package Manager] Cannot connect to Unity Package Manager local server
[MODES] ModeService[none].Initialize
[MODES] ModeService[none].LoadModes
[Licensing::Client] Error: Code 404 while processing request (status: Found 0 entitlement groups and 0 free entitlements matching requested entitlement ids)
[Licensing::Client] Error: Code 404 while processing request (status: Found 0 entitlement groups and 0 free entitlements matching requested entitlement ids)
[Licensing::Client] Error: Code 404 while processing request (status: Found 0 entitlement groups and 0 free entitlements matching requested entitlement ids)
ScheduleIndexationOnStartup MainProcess:False IndexOnStartup:True
Mono: successfully reloaded assembly
- Finished resetting the current domain, in  5.106 seconds
Domain Reload Profiling: 8094ms
	BeginReloadAssembly (718ms)
		DisableScriptedObjects (18ms)
		CreateAndSetChildDomain (194ms)
	RebuildCommonClasses (19ms)
	RebuildNativeTypeToScriptingClass (45ms)
	initialDomainReloadingComplete (474ms)
	LoadAllAssembliesAndSetupDomain (1727ms)
		LoadAssemblies (1597ms)
		AnalyzeDomain (55ms)
			TypeCache.Refresh (25ms)
			ResolveRequiredComponents (19ms)
	FinalizeReload (5110ms)
		SetupLoadedEditorAssemblies (0ms)
			InitializePlatformSupportModulesInManaged (11ms)
			BeforeProcessingInitializeOnLoad (448ms)
			ProcessInitializeOnLoadAttributes (2700ms)
			ProcessInitializeOnLoadMethodAttributes (1115ms)
			AfterProcessingInitializeOnLoad (16ms)
		AwakeInstancesAfterBackupRestoration (68ms)
Refreshing native plugins compatible for Editor in 17.71 ms, found 5 plugins.
Unloading 66 Unused Serialized files (Serialized files now loaded: 0)
Unloading 10410 unused Assets / (22.0 MB). Loaded Objects now: 11334.
Memory consumption went from 452.0 MB to 430.0 MB.
Total: 55.753600 ms (FindLiveObjects: 1.911900 ms CreateObjectMapping: 10.888900 ms MarkObjects: 28.422900 ms  DeleteObjects: 14.527100 ms)

Prepare: number of updated asset objects reloaded= 0
========================================================================
Received Import Request.
  Time of request: 2026-08-06T07:07:32.2719248Z
  Time since last request: 598636.30706090002786 seconds.
  importAddress: GUID: 41160b5f4e9573f43bd36722c57440d4 - Path: Assets/Script - Importer: PreviewImporter
Importing 'GUID: 41160b5f4e9573f43bd36722c57440d4 - Path: Assets/Script - Importer: PreviewImporter' with importer (PreviewImporter)
Imported 'GUID: 41160b5f4e9573f43bd36722c57440d4' -> (Import Result ID: '63b6d59619bff77bc180fea8baa0102d') in 0.058 seconds [static and dynamic dependencies]. Details - ImportResultOutputID=6752114373059cb215f1ef1b45bdde36 DependenciesID=6932dc826abfa91a672f0ad7f05dee7e StaticDependenciesID=20f0a2540e7f620006f81ea4fb8db0f9 
Number of updated asset objects reloaded before import = 0
Number of asset objects unloaded after import = 0
========================================================================
Received Import Request.
  Time of request: 2026-08-06T07:07:34.2379652Z
  Time since last request: 1.8559434 seconds.
  importAddress: GUID: 45287df2fc61d3347a06f35eb8439a63 - Path: Assets/Script/PlayerController.cs - Importer: PreviewImporter
Importing 'GUID: 45287df2fc61d3347a06f35eb8439a63 - Path: Assets/Script/PlayerController.cs - Importer: PreviewImporter' with importer (PreviewImporter)
Imported 'GUID: 45287df2fc61d3347a06f35eb8439a63' -> (Import Result ID: '99a1ca2ec8e3f06b3e0f579a16a112e9') in 0.009 seconds [static and dynamic dependencies]. Details - ImportResultOutputID=6b40f65e31d6df9a9e1b58dada54cfab DependenciesID=11c1b56cf16eed1e59073302ab1f5e9f StaticDependenciesID=8153891b341aed349c21509b4bf30f00 
Number of updated asset objects reloaded before import = 0
Number of asset objects unloaded after import = 0
========================================================================
Received Prepare
AcceleratorClientConnectionCallback - disconnected - :0
[Licensing::Client] Successfully resolved entitlement details
Begin MonoManager ReloadAssembly
Symbol file LoadedFromMemory is not a mono symbol file
Symbol file LoadedFromMemory is not a mono symbol file
Refreshing native plugins compatible for Editor in 22.96 ms, found 5 plugins.
Native extension for WindowsStandalone target not found
Native extension for WebGL target not found
[Package Manager] Failed to launch server process. Reason: Unity was launched with the -noUpm command-line argument
[Package Manager] Unable to send message (not connected to server process).
[Package Manager] Cannot connect to Unity Package Manager local server
Refreshing native plugins compatible for Editor in 72.81 ms, found 5 plugins.
[Package Manager] Failed to launch server process. Reason: Unity was launched with the -noUpm command-line argument
[Package Manager] Unable to send message (not connected to server process).
[Package Manager] Cannot connect to Unity Package Manager local server
[MODES] ModeService[none].Initialize
[MODES] ModeService[none].LoadModes
[Licensing::Client] Error: Code 404 while processing request (status: Found 0 entitlement groups and 0 free entitlements matching requested entitlement ids)
[Licensing::Client] Error: Code 404 while processing request (status: Found 0 entitlement groups and 0 free entitlements matching requested entitlement ids)
[Licensing::Client] Error: Code 404 while processing request (status: Found 0 entitlement groups and 0 free entitlements matching requested entitlement ids)
ScheduleIndexationOnStartup MainProcess:False IndexOnStartup:True
Mono: successfully reloaded assembly
- Finished resetting the current domain, in 12.183 seconds
Domain Reload Profiling: 15981ms
	BeginReloadAssembly (765ms)
		DisableScriptedObjects (18ms)
		CreateAndSetChildDomain (192ms)
	RebuildCommonClasses (19ms)
	RebuildNativeTypeToScriptingClass (33ms)
	initialDomainReloadingComplete (401ms)
	LoadAllAssembliesAndSetupDomain (2572ms)
		LoadAssemblies (1639ms)
		AnalyzeDomain (925ms)
			TypeCache.Refresh (35ms)
			BuildScriptInfoCaches (872ms)
			ResolveRequiredComponents (14ms)
	FinalizeReload (12191ms)
		SetupLoadedEditorAssemblies (0ms)
			InitializePlatformSupportModulesInManaged (9ms)
			BeforeProcessingInitializeOnLoad (424ms)
			ProcessInitializeOnLoadAttributes (6671ms)
			ProcessInitializeOnLoadMethodAttributes (4072ms)
			AfterProcessingInitializeOnLoad (63ms)
			EditorAssembliesLoaded (3ms)
		AwakeInstancesAfterBackupRestoration (194ms)
Refreshing native plugins compatible for Editor in 59.15 ms, found 5 plugins.
Unloading 66 Unused Serialized files (Serialized files now loaded: 0)
Unloading 10410 unused Assets / (21.4 MB). Loaded Objects now: 11339.
Memory consumption went from 468.8 MB to 447.4 MB.
Total: 162.101900 ms (FindLiveObjects: 6.192900 ms CreateObjectMapping: 37.805100 ms MarkObjects: 86.046500 ms  DeleteObjects: 32.050600 ms)

Prepare: number of updated asset objects reloaded= 0
========================================================================
Received Import Request.
  Time of request: 2026-08-06T07:08:39.0028483Z
  Time since last request: 64.7306219 seconds.
  importAddress: GUID: 45287df2fc61d3347a06f35eb8439a63 - Path: Assets/Script/PlayerController.cs - Importer: PreviewImporter
Importing 'GUID: 45287df2fc61d3347a06f35eb8439a63 - Path: Assets/Script/PlayerController.cs - Importer: PreviewImporter' with importer (PreviewImporter)
Imported 'GUID: 45287df2fc61d3347a06f35eb8439a63' -> (Import Result ID: '5d5ae64c2b9c25cecb3f29758dc7cc36') in 0.009 seconds [static and dynamic dependencies]. Details - ImportResultOutputID=6b40f65e31d6df9a9e1b58dada54cfab DependenciesID=82dac45fb6039d33da32c6c256df8deb StaticDependenciesID=4f48c19c1add0240948c5100982dbe9a 
Number of updated asset objects reloaded before import = 0
Number of asset objects unloaded after import = 0
========================================================================
Received Import Request.
  Time of request: 2026-08-06T07:09:44.3611033Z
  Time since last request: 65.2535055 seconds.
  importAddress: GUID: 45ef7e35b2c747945922b6bb69004750 - Path: Assets/Material - Importer: PreviewImporter
Importing 'GUID: 45ef7e35b2c747945922b6bb69004750 - Path: Assets/Material - Importer: PreviewImporter' with importer (PreviewImporter)
Imported 'GUID: 45ef7e35b2c747945922b6bb69004750' -> (Import Result ID: 'fbe151e9ff9da0dbc6eaa72412cf2d2e') in 0.008 seconds [static and dynamic dependencies]. Details - ImportResultOutputID=99ff70bf793272af40700d0bdcff21d3 DependenciesID=7083e789ab089098efb296ec14f80f02 StaticDependenciesID=3522512b51943954658d2dd449295f9f 
Number of updated asset objects reloaded before import = 0
Number of asset objects unloaded after import = 0
========================================================================
Received Import Request.
  Time of request: 2026-08-06T07:09:44.4414062Z
  Time since last request: 0.0346688 seconds.
  importAddress: GUID: 83602bab881d43b4dbe8595255ab7922 - Path: Assets/Material/FloorMaterial.mat - Importer: PreviewImporter
Importing 'GUID: 83602bab881d43b4dbe8595255ab7922 - Path: Assets/Material/FloorMaterial.mat - Importer: PreviewImporter' with importer (PreviewImporter)
Imported 'GUID: 83602bab881d43b4dbe8595255ab7922' -> (Import Result ID: '2288929155101b5f95720d146d51a1b9') in 1.281 seconds [static and dynamic dependencies]. Details - ImportResultOutputID=18cf317e89a139d1d3d515f1ab496561 DependenciesID=4a25992c1f24152e69b83c2bb65846e8 StaticDependenciesID=8e905e0c43257af5be7291481e0aa1e7 
Number of updated asset objects reloaded before import = 0
Number of asset objects unloaded after import = 3
========================================================================
Received Prepare
AcceleratorClientConnectionCallback - disconnected - :0
[Licensing::Client] Successfully resolved entitlement details
Begin MonoManager ReloadAssembly
Failed to create domain‐reload token.
UnityEngine.Debug:ExtractStackTraceNoAlloc (byte*,int,string)
UnityEngine.StackTraceUtility:ExtractStackTrace ()
UnityEngine.DebugLogHandler:Internal_Log (UnityEngine.LogType,UnityEngine.LogOption,string,UnityEngine.Object)
UnityEngine.DebugLogHandler:LogFormat (UnityEngine.LogType,UnityEngine.Object,string,object[])
UnityEngine.Logger:Log (UnityEngine.LogType,object)
UnityEngine.Debug:LogError (object)
Unity.AI.Generators.UI.Utilities.DomainReloadUtilities:CreateToken () (at ./Library/PackageCache/com.unity.ai.assistant@6fee27370e6a/Modules/Unity.AI.Generators.UI/Utilities/DomainReloadUtilities.cs:50)
UnityEditor.AssemblyReloadEvents:OnBeforeAssemblyReload ()

(Filename: ./Library/PackageCache/com.unity.ai.assistant@6fee27370e6a/Modules/Unity.AI.Generators.UI/Utilities/DomainReloadUtilities.cs Line: 50)

Symbol file LoadedFromMemory is not a mono symbol file
Symbol file LoadedFromMemory is not a mono symbol file
Refreshing native plugins compatible for Editor in 16.54 ms, found 5 plugins.
Native extension for WindowsStandalone target not found
Native extension for WebGL target not found
[Package Manager] Failed to launch server process. Reason: Unity was launched with the -noUpm command-line argument
[Package Manager] Unable to send message (not connected to server process).
[Package Manager] Cannot connect to Unity Package Manager local server
Refreshing native plugins compatible for Editor in 33.90 ms, found 5 plugins.
[Package Manager] Failed to launch server process. Reason: Unity was launched with the -noUpm command-line argument
[Package Manager] Unable to send message (not connected to server process).
[Package Manager] Cannot connect to Unity Package Manager local server
[MODES] ModeService[none].Initialize
[MODES] ModeService[none].LoadModes
[Licensing::Client] Error: Code 404 while processing request (status: Found 0 entitlement groups and 0 free entitlements matching requested entitlement ids)
[Licensing::Client] Error: Code 404 while processing request (status: Found 0 entitlement groups and 0 free entitlements matching requested entitlement ids)
[Licensing::Client] Error: Code 404 while processing request (status: Found 0 entitlement groups and 0 free entitlements matching requested entitlement ids)
ScheduleIndexationOnStartup MainProcess:False IndexOnStartup:True
Mono: successfully reloaded assembly
- Finished resetting the current domain, in  5.055 seconds
Domain Reload Profiling: 7640ms
	BeginReloadAssembly (714ms)
		DisableScriptedObjects (45ms)
		CreateAndSetChildDomain (227ms)
	RebuildCommonClasses (20ms)
	RebuildNativeTypeToScriptingClass (29ms)
	initialDomainReloadingComplete (369ms)
	LoadAllAssembliesAndSetupDomain (1450ms)
		LoadAssemblies (1341ms)
		AnalyzeDomain (53ms)
			TypeCache.Refresh (22ms)
			ResolveRequiredComponents (18ms)
	FinalizeReload (5057ms)
		SetupLoadedEditorAssemblies (0ms)
			InitializePlatformSupportModulesInManaged (8ms)
			BeforeProcessingInitializeOnLoad (386ms)
			ProcessInitializeOnLoadAttributes (2620ms)
			ProcessInitializeOnLoadMethodAttributes (1396ms)
			AfterProcessingInitializeOnLoad (16ms)
		AwakeInstancesAfterBackupRestoration (75ms)
Refreshing native plugins compatible for Editor in 28.54 ms, found 5 plugins.
Unloading 66 Unused Serialized files (Serialized files now loaded: 0)
Unloading 10410 unused Assets / (21.9 MB). Loaded Objects now: 11405.
Memory consumption went from 478.1 MB to 456.3 MB.
Total: 74.419500 ms (FindLiveObjects: 2.632900 ms CreateObjectMapping: 13.427800 ms MarkObjects: 39.444600 ms  DeleteObjects: 18.909100 ms)

Prepare: number of updated asset objects reloaded= 0
========================================================================
Received Prepare
AcceleratorClientConnectionCallback - disconnected - :0
[Licensing::Client] Successfully resolved entitlement details
Begin MonoManager ReloadAssembly
Symbol file LoadedFromMemory is not a mono symbol file
Symbol file LoadedFromMemory is not a mono symbol file
Refreshing native plugins compatible for Editor in 17.72 ms, found 5 plugins.
Native extension for WindowsStandalone target not found
Native extension for WebGL target not found
[Package Manager] Failed to launch server process. Reason: Unity was launched with the -noUpm command-line argument
[Package Manager] Unable to send message (not connected to server process).
[Package Manager] Cannot connect to Unity Package Manager local server
Refreshing native plugins compatible for Editor in 36.85 ms, found 5 plugins.
[Package Manager] Failed to launch server process. Reason: Unity was launched with the -noUpm command-line argument
[Package Manager] Unable to send message (not connected to server process).
[Package Manager] Cannot connect to Unity Package Manager local server
[MODES] ModeService[none].Initialize
[MODES] ModeService[none].LoadModes
[Licensing::Client] Error: Code 404 while processing request (status: Found 0 entitlement groups and 0 free entitlements matching requested entitlement ids)
[Licensing::Client] Error: Code 404 while processing request (status: Found 0 entitlement groups and 0 free entitlements matching requested entitlement ids)
[Licensing::Client] Error: Code 404 while processing request (status: Found 0 entitlement groups and 0 free entitlements matching requested entitlement ids)
ScheduleIndexationOnStartup MainProcess:False IndexOnStartup:True
Mono: successfully reloaded assembly
- Finished resetting the current domain, in  5.812 seconds
Domain Reload Profiling: 8682ms
	BeginReloadAssembly (710ms)
		DisableScriptedObjects (19ms)
		CreateAndSetChildDomain (186ms)
	RebuildCommonClasses (26ms)
	RebuildNativeTypeToScriptingClass (44ms)
	initialDomainReloadingComplete (410ms)
	LoadAllAssembliesAndSetupDomain (1677ms)
		LoadAssemblies (1579ms)
		AnalyzeDomain (52ms)
			TypeCache.Refresh (23ms)
			ResolveRequiredComponents (19ms)
	FinalizeReload (5815ms)
		SetupLoadedEditorAssemblies (0ms)
			InitializePlatformSupportModulesInManaged (8ms)
			BeforeProcessingInitializeOnLoad (461ms)
			ProcessInitializeOnLoadAttributes (2978ms)
			ProcessInitializeOnLoadMethodAttributes (1572ms)
			AfterProcessingInitializeOnLoad (18ms)
		AwakeInstancesAfterBackupRestoration (81ms)
Refreshing native plugins compatible for Editor in 31.35 ms, found 5 plugins.
Unloading 66 Unused Serialized files (Serialized files now loaded: 0)
Unloading 10410 unused Assets / (21.8 MB). Loaded Objects now: 11408.
Memory consumption went from 481.3 MB to 459.5 MB.
Total: 73.441000 ms (FindLiveObjects: 3.318100 ms CreateObjectMapping: 15.140800 ms MarkObjects: 35.682300 ms  DeleteObjects: 19.296200 ms)

Prepare: number of updated asset objects reloaded= 0
========================================================================
Received Import Request.
  Time of request: 2026-08-06T07:23:36.7582814Z
  Time since last request: 830.99418779999996 seconds.
  importAddress: GUID: 6775ddf9c5765094cb6de20daf4a8ae9 - Path: Assets/Script/Skittle.cs - Importer: PreviewImporter
Importing 'GUID: 6775ddf9c5765094cb6de20daf4a8ae9 - Path: Assets/Script/Skittle.cs - Importer: PreviewImporter' with importer (PreviewImporter)
Imported 'GUID: 6775ddf9c5765094cb6de20daf4a8ae9' -> (Import Result ID: 'd27cabf77fa346be775cc583520174d9') in 0.004 seconds [static and dynamic dependencies]. Details - ImportResultOutputID=f6b282926ba78f0cddf2b96906a0c782 DependenciesID=559bf46bb39f6e31d54d454828eff7c0 StaticDependenciesID=1a3becea85094cc9f7ec72afac5dbf1e 
Number of updated asset objects reloaded before import = 0
Number of asset objects unloaded after import = 0
========================================================================
Received Prepare
AcceleratorClientConnectionCallback - disconnected - :0
[Licensing::Client] Successfully resolved entitlement details
Begin MonoManager ReloadAssembly
Symbol file LoadedFromMemory is not a mono symbol file
Symbol file LoadedFromMemory is not a mono symbol file
Refreshing native plugins compatible for Editor in 25.56 ms, found 5 plugins.
Native extension for WindowsStandalone target not found
Native extension for WebGL target not found
[Package Manager] Failed to launch server process. Reason: Unity was launched with the -noUpm command-line argument
[Package Manager] Unable to send message (not connected to server process).
[Package Manager] Cannot connect to Unity Package Manager local server
Refreshing native plugins compatible for Editor in 21.40 ms, found 5 plugins.
[Package Manager] Failed to launch server process. Reason: Unity was launched with the -noUpm command-line argument
[Package Manager] Unable to send message (not connected to server process).
[Package Manager] Cannot connect to Unity Package Manager local server
[MODES] ModeService[none].Initialize
[MODES] ModeService[none].LoadModes
[Licensing::Client] Error: Code 404 while processing request (status: Found 0 entitlement groups and 0 free entitlements matching requested entitlement ids)
[Licensing::Client] Error: Code 404 while processing request (status: Found 0 entitlement groups and 0 free entitlements matching requested entitlement ids)
[Licensing::Client] Error: Code 404 while processing request (status: Found 0 entitlement groups and 0 free entitlements matching requested entitlement ids)
ScheduleIndexationOnStartup MainProcess:False IndexOnStartup:True
Mono: successfully reloaded assembly
- Finished resetting the current domain, in  4.465 seconds
Domain Reload Profiling: 8298ms
	BeginReloadAssembly (755ms)
		DisableScriptedObjects (22ms)
		CreateAndSetChildDomain (187ms)
	RebuildCommonClasses (23ms)
	RebuildNativeTypeToScriptingClass (34ms)
	initialDomainReloadingComplete (437ms)
	LoadAllAssembliesAndSetupDomain (2582ms)
		LoadAssemblies (1630ms)
		AnalyzeDomain (938ms)
			TypeCache.Refresh (40ms)
			BuildScriptInfoCaches (877ms)
			ResolveRequiredComponents (16ms)
	FinalizeReload (4467ms)
		SetupLoadedEditorAssemblies (0ms)
			InitializePlatformSupportModulesInManaged (7ms)
			BeforeProcessingInitializeOnLoad (421ms)
			ProcessInitializeOnLoadAttributes (2112ms)
			ProcessInitializeOnLoadMethodAttributes (1087ms)
			AfterProcessingInitializeOnLoad (11ms)
		AwakeInstancesAfterBackupRestoration (63ms)
Refreshing native plugins compatible for Editor in 16.52 ms, found 5 plugins.
Unloading 66 Unused Serialized files (Serialized files now loaded: 0)
Unloading 10410 unused Assets / (21.7 MB). Loaded Objects now: 11411.
Memory consumption went from 487.0 MB to 465.3 MB.
Total: 61.378900 ms (FindLiveObjects: 2.257300 ms CreateObjectMapping: 12.250800 ms MarkObjects: 31.129400 ms  DeleteObjects: 15.737700 ms)

Prepare: number of updated asset objects reloaded= 0
========================================================================
Received Prepare
AcceleratorClientConnectionCallback - disconnected - :0
Begin MonoManager ReloadAssembly
Symbol file LoadedFromMemory is not a mono symbol file
Symbol file LoadedFromMemory is not a mono symbol file
Refreshing native plugins compatible for Editor in 16.23 ms, found 5 plugins.
Native extension for WindowsStandalone target not found
Native extension for WebGL target not found
[Package Manager] Failed to launch server process. Reason: Unity was launched with the -noUpm command-line argument
[Package Manager] Unable to send message (not connected to server process).
[Package Manager] Cannot connect to Unity Package Manager local server
Refreshing native plugins compatible for Editor in 28.11 ms, found 5 plugins.
[Package Manager] Failed to launch server process. Reason: Unity was launched with the -noUpm command-line argument
[Package Manager] Unable to send message (not connected to server process).
[Package Manager] Cannot connect to Unity Package Manager local server
[MODES] ModeService[none].Initialize
[MODES] ModeService[none].LoadModes
[Licensing::Client] Error: Code 404 while processing request (status: Found 0 entitlement groups and 0 free entitlements matching requested entitlement ids)
[Licensing::Client] Error: Code 404 while processing request (status: Found 0 entitlement groups and 0 free entitlements matching requested entitlement ids)
[Licensing::Client] Error: Code 404 while processing request (status: Found 0 entitlement groups and 0 free entitlements matching requested entitlement ids)
ScheduleIndexationOnStartup MainProcess:False IndexOnStartup:True
Mono: successfully reloaded assembly
- Finished resetting the current domain, in  5.348 seconds
Domain Reload Profiling: 8135ms
	BeginReloadAssembly (734ms)
		DisableScriptedObjects (17ms)
		CreateAndSetChildDomain (192ms)
	RebuildCommonClasses (21ms)
	RebuildNativeTypeToScriptingClass (42ms)
	initialDomainReloadingComplete (399ms)
	LoadAllAssembliesAndSetupDomain (1587ms)
		LoadAssemblies (1467ms)
		AnalyzeDomain (61ms)
			TypeCache.Refresh (27ms)
			ResolveRequiredComponents (21ms)
	FinalizeReload (5353ms)
		SetupLoadedEditorAssemblies (0ms)
			InitializePlatformSupportModulesInManaged (5ms)
			BeforeProcessingInitializeOnLoad (411ms)
			ProcessInitializeOnLoadAttributes (2747ms)
			ProcessInitializeOnLoadMethodAttributes (1453ms)
			AfterProcessingInitializeOnLoad (11ms)
		AwakeInstancesAfterBackupRestoration (86ms)
Refreshing native plugins compatible for Editor in 23.47 ms, found 5 plugins.
Unloading 66 Unused Serialized files (Serialized files now loaded: 0)
Unloading 10410 unused Assets / (21.9 MB). Loaded Objects now: 11414.
Memory consumption went from 490.7 MB to 468.8 MB.
Total: 78.146800 ms (FindLiveObjects: 4.221000 ms CreateObjectMapping: 15.196500 ms MarkObjects: 37.315000 ms  DeleteObjects: 21.409900 ms)

Prepare: number of updated asset objects reloaded= 0
========================================================================
Received Import Request.
  Time of request: 2026-08-06T07:26:07.2336313Z
  Time since last request: 150.43844580000001 seconds.
  importAddress: GUID: cf76875808bc1b044ab4d50a758263e1 - Path: Assets/skittle.prefab - Importer: PreviewImporter
Importing 'GUID: cf76875808bc1b044ab4d50a758263e1 - Path: Assets/skittle.prefab - Importer: PreviewImporter' with importer (PreviewImporter)
Imported 'GUID: cf76875808bc1b044ab4d50a758263e1' -> (Import Result ID: '84786d9912316d0386fd9160d7f51e5c') in 1.203 seconds [static and dynamic dependencies]. Details - ImportResultOutputID=39fb165eba0511f3c856756b337a7ce7 DependenciesID=aaf094feafbb248823ef893bdcb407f9 StaticDependenciesID=addd1660452d5acce3347b5d31efdd43 
Number of updated asset objects reloaded before import = 0
Number of asset objects unloaded after import = 13
========================================================================
Received Import Request.
  Time of request: 2026-08-06T07:27:37.3941177Z
  Time since last request: 88.9014694 seconds.
  importAddress: GUID: 6775ddf9c5765094cb6de20daf4a8ae9 - Path: Assets/Script/Skittle.cs - Importer: ScriptedImporter/UnityEditor.QuickSearchModule:UnityEditor.Search:ASIAI0B
Importing 'GUID: 6775ddf9c5765094cb6de20daf4a8ae9 - Path: Assets/Script/Skittle.cs - Importer: ScriptedImporter/UnityEditor.QuickSearchModule:UnityEditor.Search:ASIAI0B' with importer (ScriptedImporter : UnityEditor.QuickSearchModule:UnityEditor.Search:ASIAI0B)
Imported 'GUID: 6775ddf9c5765094cb6de20daf4a8ae9' -> (Import Result ID: 'c1925e51ea1a444aa262f0c1efb94f41') in 0.271 seconds [static and dynamic dependencies]. Details - ImportResultOutputID=4c481424e145fc24ef8e18c2a852316d DependenciesID=6576cc101aee84f046c8e9ad3b8f5d8e StaticDependenciesID=00d4a842b5e63439d9df38d7e6fb483c 
Number of updated asset objects reloaded before import = 0
Number of asset objects unloaded after import = 0
========================================================================
Received Prepare
AcceleratorClientConnectionCallback - disconnected - :0
Refreshing native plugins compatible for Editor in 25.04 ms, found 5 plugins.
Unloading 66 Unused Serialized files (Serialized files now loaded: 0)
Unloading 67 unused Assets / (13.8 MB). Loaded Objects now: 11525.
Memory consumption went from 478.5 MB to 464.7 MB.
Total: 51.882100 ms (FindLiveObjects: 1.316900 ms CreateObjectMapping: 4.006400 ms MarkObjects: 42.097000 ms  DeleteObjects: 4.457600 ms)

Prepare: number of updated asset objects reloaded= 0
========================================================================
Received Import Request.
  Time of request: 2026-08-06T07:28:18.5871071Z
  Time since last request: 40.8893453 seconds.
  importAddress: GUID: 39ab0892b565fde498519f7f6f797280 - Path: Assets/Material/Friction.physicMaterial - Importer: PreviewImporter
Importing 'GUID: 39ab0892b565fde498519f7f6f797280 - Path: Assets/Material/Friction.physicMaterial - Importer: PreviewImporter' with importer (PreviewImporter)
Imported 'GUID: 39ab0892b565fde498519f7f6f797280' -> (Import Result ID: '688278222655e582e980b87e9259dfb7') in 0.007 seconds [static and dynamic dependencies]. Details - ImportResultOutputID=ef824e22c836ca68c6f242d127d44c5d DependenciesID=22759d0cf8a9685330a4a102ec5d7be8 StaticDependenciesID=2c92819992021bec26f856337072e23a 
Number of updated asset objects reloaded before import = 0
Number of asset objects unloaded after import = 1
========================================================================
Received Import Request.
  Time of request: 2026-08-06T07:28:18.9086717Z
  Time since last request: 0.2784741 seconds.
  importAddress: GUID: 39ab0892b565fde498519f7f6f797280 - Path: Assets/Material/Friction.physicMaterial - Importer: ScriptedImporter/UnityEditor.QuickSearchModule:UnityEditor.Search:ASIAI0B
Importing 'GUID: 39ab0892b565fde498519f7f6f797280 - Path: Assets/Material/Friction.physicMaterial - Importer: ScriptedImporter/UnityEditor.QuickSearchModule:UnityEditor.Search:ASIAI0B' with importer (ScriptedImporter : UnityEditor.QuickSearchModule:UnityEditor.Search:ASIAI0B)
Imported 'GUID: 39ab0892b565fde498519f7f6f797280' -> (Import Result ID: 'd281b122c3e31c62daf07c4ca40b2872') in 0.041 seconds [static and dynamic dependencies]. Details - ImportResultOutputID=36000301343feb56bf68c4a6168856d5 DependenciesID=4e002cfb13af3b141019ff7cb6b8bbdc StaticDependenciesID=cd11f4684c4b321ba0ce97d9569cba19 
Number of updated asset objects reloaded before import = 0
Number of asset objects unloaded after import = 1
========================================================================
Received Prepare
AcceleratorClientConnectionCallback - disconnected - :0
[Licensing::Client] Successfully resolved entitlement details
Begin MonoManager ReloadAssembly
Symbol file LoadedFromMemory is not a mono symbol file
Symbol file LoadedFromMemory is not a mono symbol file
Refreshing native plugins compatible for Editor in 19.96 ms, found 5 plugins.
Native extension for WindowsStandalone target not found
Native extension for WebGL target not found
[Package Manager] Failed to launch server process. Reason: Unity was launched with the -noUpm command-line argument
[Package Manager] Unable to send message (not connected to server process).
[Package Manager] Cannot connect to Unity Package Manager local server
Refreshing native plugins compatible for Editor in 37.27 ms, found 5 plugins.
[Package Manager] Failed to launch server process. Reason: Unity was launched with the -noUpm command-line argument
[Package Manager] Unable to send message (not connected to server process).
[Package Manager] Cannot connect to Unity Package Manager local server
[MODES] ModeService[none].Initialize
[MODES] ModeService[none].LoadModes
[Licensing::Client] Error: Code 404 while processing request (status: Found 0 entitlement groups and 0 free entitlements matching requested entitlement ids)
[Licensing::Client] Error: Code 404 while processing request (status: Found 0 entitlement groups and 0 free entitlements matching requested entitlement ids)
[Licensing::Client] Error: Code 404 while processing request (status: Found 0 entitlement groups and 0 free entitlements matching requested entitlement ids)
ScheduleIndexationOnStartup MainProcess:False IndexOnStartup:True
Mono: successfully reloaded assembly
- Finished resetting the current domain, in  5.895 seconds
Domain Reload Profiling: 8753ms
	BeginReloadAssembly (762ms)
		DisableScriptedObjects (40ms)
		CreateAndSetChildDomain (230ms)
	RebuildCommonClasses (18ms)
	RebuildNativeTypeToScriptingClass (49ms)
	initialDomainReloadingComplete (422ms)
	LoadAllAssembliesAndSetupDomain (1603ms)
		LoadAssemblies (1476ms)
		AnalyzeDomain (65ms)
			TypeCache.Refresh (25ms)
			ResolveRequiredComponents (26ms)
	FinalizeReload (5899ms)
		SetupLoadedEditorAssemblies (0ms)
			InitializePlatformSupportModulesInManaged (9ms)
			BeforeProcessingInitializeOnLoad (452ms)
			ProcessInitializeOnLoadAttributes (2980ms)
			ProcessInitializeOnLoadMethodAttributes (1587ms)
			AfterProcessingInitializeOnLoad (25ms)
		AwakeInstancesAfterBackupRestoration (85ms)
Refreshing native plugins compatible for Editor in 27.51 ms, found 5 plugins.
Unloading 66 Unused Serialized files (Serialized files now loaded: 0)
Unloading 10410 unused Assets / (22.1 MB). Loaded Objects now: 11437.
Memory consumption went from 481.9 MB to 459.8 MB.
Total: 79.673000 ms (FindLiveObjects: 4.100300 ms CreateObjectMapping: 14.820600 ms MarkObjects: 41.555500 ms  DeleteObjects: 19.192600 ms)

Prepare: number of updated asset objects reloaded= 0
========================================================================
Received Prepare
AcceleratorClientConnectionCallback - disconnected - :0
[Licensing::Client] Successfully resolved entitlement details
Begin MonoManager ReloadAssembly
Symbol file LoadedFromMemory is not a mono symbol file
Symbol file LoadedFromMemory is not a mono symbol file
Refreshing native plugins compatible for Editor in 25.73 ms, found 5 plugins.
Native extension for WindowsStandalone target not found
Native extension for WebGL target not found
[Package Manager] Failed to launch server process. Reason: Unity was launched with the -noUpm command-line argument
[Package Manager] Unable to send message (not connected to server process).
[Package Manager] Cannot connect to Unity Package Manager local server
Refreshing native plugins compatible for Editor in 32.49 ms, found 5 plugins.
[Package Manager] Failed to launch server process. Reason: Unity was launched with the -noUpm command-line argument
[Package Manager] Unable to send message (not connected to server process).
[Package Manager] Cannot connect to Unity Package Manager local server
[MODES] ModeService[none].Initialize
[MODES] ModeService[none].LoadModes
[Licensing::Client] Error: Code 404 while processing request (status: Found 0 entitlement groups and 0 free entitlements matching requested entitlement ids)
[Licensing::Client] Error: Code 404 while processing request (status: Found 0 entitlement groups and 0 free entitlements matching requested entitlement ids)
[Licensing::Client] Error: Code 404 while processing request (status: Found 0 entitlement groups and 0 free entitlements matching requested entitlement ids)
ScheduleIndexationOnStartup MainProcess:False IndexOnStartup:True
Mono: successfully reloaded assembly
- Finished resetting the current domain, in  5.877 seconds
Domain Reload Profiling: 8613ms
	BeginReloadAssembly (723ms)
		DisableScriptedObjects (13ms)
		CreateAndSetChildDomain (206ms)
	RebuildCommonClasses (26ms)
	RebuildNativeTypeToScriptingClass (44ms)
	initialDomainReloadingComplete (398ms)
	LoadAllAssembliesAndSetupDomain (1541ms)
		LoadAssemblies (1436ms)
		AnalyzeDomain (52ms)
			TypeCache.Refresh (23ms)
			ResolveRequiredComponents (18ms)
	FinalizeReload (5881ms)
		SetupLoadedEditorAssemblies (0ms)
			InitializePlatformSupportModulesInManaged (10ms)
			BeforeProcessingInitializeOnLoad (452ms)
			ProcessInitializeOnLoadAttributes (2898ms)
			ProcessInitializeOnLoadMethodAttributes (1658ms)
			AfterProcessingInitializeOnLoad (17ms)
		AwakeInstancesAfterBackupRestoration (84ms)
Refreshing native plugins compatible for Editor in 29.28 ms, found 5 plugins.
Unloading 66 Unused Serialized files (Serialized files now loaded: 0)
Unloading 10410 unused Assets / (22.5 MB). Loaded Objects now: 11440.
Memory consumption went from 485.1 MB to 462.6 MB.
Total: 77.728300 ms (FindLiveObjects: 4.224600 ms CreateObjectMapping: 14.289500 ms MarkObjects: 38.270200 ms  DeleteObjects: 20.940900 ms)

Prepare: number of updated asset objects reloaded= 0
========================================================================
Received Prepare
AcceleratorClientConnectionCallback - disconnected - :0
[Licensing::Client] Successfully resolved entitlement details
Begin MonoManager ReloadAssembly
Symbol file LoadedFromMemory is not a mono symbol file
Symbol file LoadedFromMemory is not a mono symbol file
Refreshing native plugins compatible for Editor in 19.39 ms, found 5 plugins.
Native extension for WindowsStandalone target not found
Native extension for WebGL target not found
[Package Manager] Failed to launch server process. Reason: Unity was launched with the -noUpm command-line argument
[Package Manager] Unable to send message (not connected to server process).
[Package Manager] Cannot connect to Unity Package Manager local server
Refreshing native plugins compatible for Editor in 32.18 ms, found 5 plugins.
[Package Manager] Failed to launch server process. Reason: Unity was launched with the -noUpm command-line argument
[Package Manager] Unable to send message (not connected to server process).
[Package Manager] Cannot connect to Unity Package Manager local server
[MODES] ModeService[none].Initialize
[MODES] ModeService[none].LoadModes
[Licensing::Client] Error: Code 404 while processing request (status: Found 0 entitlement groups and 0 free entitlements matching requested entitlement ids)
[Licensing::Client] Error: Code 404 while processing request (status: Found 0 entitlement groups and 0 free entitlements matching requested entitlement ids)
[Licensing::Client] Error: Code 404 while processing request (status: Found 0 entitlement groups and 0 free entitlements matching requested entitlement ids)
ScheduleIndexationOnStartup MainProcess:False IndexOnStartup:True
Mono: successfully reloaded assembly
- Finished resetting the current domain, in  5.827 seconds
Domain Reload Profiling: 8652ms
	BeginReloadAssembly (738ms)
		DisableScriptedObjects (12ms)
		CreateAndSetChildDomain (210ms)
	RebuildCommonClasses (21ms)
	RebuildNativeTypeToScriptingClass (37ms)
	initialDomainReloadingComplete (404ms)
	LoadAllAssembliesAndSetupDomain (1622ms)
		LoadAssemblies (1496ms)
		AnalyzeDomain (60ms)
			TypeCache.Refresh (26ms)
			ResolveRequiredComponents (21ms)
	FinalizeReload (5830ms)
		SetupLoadedEditorAssemblies (0ms)
			InitializePlatformSupportModulesInManaged (10ms)
			BeforeProcessingInitializeOnLoad (449ms)
			ProcessInitializeOnLoadAttributes (2951ms)
			ProcessInitializeOnLoadMethodAttributes (1516ms)
			AfterProcessingInitializeOnLoad (23ms)
		AwakeInstancesAfterBackupRestoration (90ms)
Refreshing native plugins compatible for Editor in 25.77 ms, found 5 plugins.
Unloading 66 Unused Serialized files (Serialized files now loaded: 0)
Unloading 10410 unused Assets / (22.7 MB). Loaded Objects now: 11443.
Memory consumption went from 488.4 MB to 465.7 MB.
Total: 77.427500 ms (FindLiveObjects: 3.402000 ms CreateObjectMapping: 17.330300 ms MarkObjects: 37.204200 ms  DeleteObjects: 19.487200 ms)

Prepare: number of updated asset objects reloaded= 0
========================================================================
Received Import Request.
  Time of request: 2026-08-06T07:44:40.6053928Z
  Time since last request: 981.61744209999995 seconds.
  importAddress: GUID: cf76875808bc1b044ab4d50a758263e1 - Path: Assets/skittle.prefab - Importer: PreviewImporter
Importing 'GUID: cf76875808bc1b044ab4d50a758263e1 - Path: Assets/skittle.prefab - Importer: PreviewImporter' with importer (PreviewImporter)
Imported 'GUID: cf76875808bc1b044ab4d50a758263e1' -> (Import Result ID: 'dd74d3edc486ea5eb8208c0b96ee61a3') in 1.073 seconds [static and dynamic dependencies]. Details - ImportResultOutputID=39fb165eba0511f3c856756b337a7ce7 DependenciesID=36d0d905ec55c4ed12cfcbdb989782d8 StaticDependenciesID=addd1660452d5acce3347b5d31efdd43 
Number of updated asset objects reloaded before import = 0
Number of asset objects unloaded after import = 13
========================================================================
Received Import Request.
  Time of request: 2026-08-06T07:44:45.9455199Z
  Time since last request: 4.2134639 seconds.
  importAddress: GUID: d5e12856dbec22f4e905ec6cbc2dc65c - Path: Assets/Script/GameManager.cs - Importer: PreviewImporter
Importing 'GUID: d5e12856dbec22f4e905ec6cbc2dc65c - Path: Assets/Script/GameManager.cs - Importer: PreviewImporter' with importer (PreviewImporter)
Imported 'GUID: d5e12856dbec22f4e905ec6cbc2dc65c' -> (Import Result ID: '454e572a11b8f25e93422d754dbee20d') in 0.005 seconds [static and dynamic dependencies]. Details - ImportResultOutputID=166191fbec7dd764938395e7e6fb16e9 DependenciesID=3928d26ddbfc6e1d7d0749a29fed222a StaticDependenciesID=86303c73bb092c2bf9dc9a805c178eb9 
Number of updated asset objects reloaded before import = 0
Number of asset objects unloaded after import = 0
========================================================================
Received Prepare
AcceleratorClientConnectionCallback - disconnected - :0
[Licensing::Client] Successfully resolved entitlement details
Begin MonoManager ReloadAssembly
Symbol file LoadedFromMemory is not a mono symbol file
Symbol file LoadedFromMemory is not a mono symbol file
Refreshing native plugins compatible for Editor in 17.46 ms, found 5 plugins.
Native extension for WindowsStandalone target not found
Native extension for WebGL target not found
[Package Manager] Failed to launch server process. Reason: Unity was launched with the -noUpm command-line argument
[Package Manager] Unable to send message (not connected to server process).
[Package Manager] Cannot connect to Unity Package Manager local server
Refreshing native plugins compatible for Editor in 18.77 ms, found 5 plugins.
[Package Manager] Failed to launch server process. Reason: Unity was launched with the -noUpm command-line argument
[Package Manager] Unable to send message (not connected to server process).
[Package Manager] Cannot connect to Unity Package Manager local server
[MODES] ModeService[none].Initialize
[MODES] ModeService[none].LoadModes
[Licensing::Client] Error: Code 404 while processing request (status: Found 0 entitlement groups and 0 free entitlements matching requested entitlement ids)
[Licensing::Client] Error: Code 404 while processing request (status: Found 0 entitlement groups and 0 free entitlements matching requested entitlement ids)
[Licensing::Client] Error: Code 404 while processing request (status: Found 0 entitlement groups and 0 free entitlements matching requested entitlement ids)
ScheduleIndexationOnStartup MainProcess:False IndexOnStartup:True
Mono: successfully reloaded assembly
- Finished resetting the current domain, in  3.840 seconds
Domain Reload Profiling: 7465ms
	BeginReloadAssembly (815ms)
		DisableScriptedObjects (56ms)
		CreateAndSetChildDomain (230ms)
	RebuildCommonClasses (20ms)
	RebuildNativeTypeToScriptingClass (34ms)
	initialDomainReloadingComplete (392ms)
	LoadAllAssembliesAndSetupDomain (2362ms)
		LoadAssemblies (1512ms)
		AnalyzeDomain (849ms)
			TypeCache.Refresh (30ms)
			BuildScriptInfoCaches (802ms)
			ResolveRequiredComponents (13ms)
	FinalizeReload (3843ms)
		SetupLoadedEditorAssemblies (0ms)
			InitializePlatformSupportModulesInManaged (7ms)
			BeforeProcessingInitializeOnLoad (295ms)
			ProcessInitializeOnLoadAttributes (1929ms)
			ProcessInitializeOnLoadMethodAttributes (1019ms)
			AfterProcessingInitializeOnLoad (8ms)
		AwakeInstancesAfterBackupRestoration (54ms)
Refreshing native plugins compatible for Editor in 15.67 ms, found 5 plugins.
Unloading 66 Unused Serialized files (Serialized files now loaded: 0)
Unloading 10410 unused Assets / (20.9 MB). Loaded Objects now: 11466.
Memory consumption went from 491.1 MB to 470.2 MB.
Total: 59.690300 ms (FindLiveObjects: 2.151900 ms CreateObjectMapping: 9.627300 ms MarkObjects: 32.958300 ms  DeleteObjects: 14.948400 ms)

Prepare: number of updated asset objects reloaded= 0
========================================================================
Received Prepare
AcceleratorClientConnectionCallback - disconnected - :0
Begin MonoManager ReloadAssembly
Symbol file LoadedFromMemory is not a mono symbol file
Symbol file LoadedFromMemory is not a mono symbol file
Refreshing native plugins compatible for Editor in 19.36 ms, found 5 plugins.
Native extension for WindowsStandalone target not found
Native extension for WebGL target not found
[Package Manager] Failed to launch server process. Reason: Unity was launched with the -noUpm command-line argument
[Package Manager] Unable to send message (not connected to server process).
[Package Manager] Cannot connect to Unity Package Manager local server
Refreshing native plugins compatible for Editor in 25.99 ms, found 5 plugins.
[Package Manager] Failed to launch server process. Reason: Unity was launched with the -noUpm command-line argument
[Package Manager] Unable to send message (not connected to server process).
[Package Manager] Cannot connect to Unity Package Manager local server
[MODES] ModeService[none].Initialize
[MODES] ModeService[none].LoadModes
[Licensing::Client] Error: Code 404 while processing request (status: Found 0 entitlement groups and 0 free entitlements matching requested entitlement ids)
[Licensing::Client] Error: Code 404 while processing request (status: Found 0 entitlement groups and 0 free entitlements matching requested entitlement ids)
[Licensing::Client] Error: Code 404 while processing request (status: Found 0 entitlement groups and 0 free entitlements matching requested entitlement ids)
ScheduleIndexationOnStartup MainProcess:False IndexOnStartup:True
Mono: successfully reloaded assembly
- Finished resetting the current domain, in  4.747 seconds
Domain Reload Profiling: 7279ms
	BeginReloadAssembly (654ms)
		DisableScriptedObjects (14ms)
		CreateAndSetChildDomain (187ms)
	RebuildCommonClasses (24ms)
	RebuildNativeTypeToScriptingClass (37ms)
	initialDomainReloadingComplete (358ms)
	LoadAllAssembliesAndSetupDomain (1456ms)
		LoadAssemblies (1336ms)
		AnalyzeDomain (57ms)
			TypeCache.Refresh (25ms)
			ResolveRequiredComponents (20ms)
	FinalizeReload (4750ms)
		SetupLoadedEditorAssemblies (0ms)
			InitializePlatformSupportModulesInManaged (5ms)
			BeforeProcessingInitializeOnLoad (340ms)
			ProcessInitializeOnLoadAttributes (2465ms)
			ProcessInitializeOnLoadMethodAttributes (1265ms)
			AfterProcessingInitializeOnLoad (14ms)
		AwakeInstancesAfterBackupRestoration (76ms)
Refreshing native plugins compatible for Editor in 24.75 ms, found 5 plugins.
Unloading 66 Unused Serialized files (Serialized files now loaded: 0)
Unloading 10410 unused Assets / (22.8 MB). Loaded Objects now: 11469.
Memory consumption went from 491.6 MB to 468.9 MB.
Total: 69.533000 ms (FindLiveObjects: 2.415100 ms CreateObjectMapping: 15.872500 ms MarkObjects: 33.431400 ms  DeleteObjects: 17.809900 ms)

Prepare: number of updated asset objects reloaded= 0
========================================================================
Received Import Request.
  Time of request: 2026-08-06T07:50:30.0543378Z
  Time since last request: 344.0735138 seconds.
  importAddress: GUID: d5e12856dbec22f4e905ec6cbc2dc65c - Path: Assets/Script/GameManager.cs - Importer: PreviewImporter
Importing 'GUID: d5e12856dbec22f4e905ec6cbc2dc65c - Path: Assets/Script/GameManager.cs - Importer: PreviewImporter' with importer (PreviewImporter)
Imported 'GUID: d5e12856dbec22f4e905ec6cbc2dc65c' -> (Import Result ID: '662b7e5aaa29d7bcaa472ce5d569c76a') in 0.005 seconds [static and dynamic dependencies]. Details - ImportResultOutputID=166191fbec7dd764938395e7e6fb16e9 DependenciesID=191bdc5bc7bf92b53e6b6c0077eb6177 StaticDependenciesID=c4c428099f93163112157efc1b0257e3 
Number of updated asset objects reloaded before import = 0
Number of asset objects unloaded after import = 0
========================================================================
Received Import Request.
  Time of request: 2026-08-06T07:53:12.8033324Z
  Time since last request: 162.70533459999999 seconds.
  importAddress: GUID: d8d7796a4d642ce42856007227a63568 - Path: Assets/Script/MolkkyItemHandler.cs - Importer: PreviewImporter
Importing 'GUID: d8d7796a4d642ce42856007227a63568 - Path: Assets/Script/MolkkyItemHandler.cs - Importer: PreviewImporter' with importer (PreviewImporter)
Imported 'GUID: d8d7796a4d642ce42856007227a63568' -> (Import Result ID: '19feca3cf9a4d8e1159223b0a73a6de4') in 0.016 seconds [static and dynamic dependencies]. Details - ImportResultOutputID=7b622c8119b16525a70b104a1d34e412 DependenciesID=75a472078f74e12ce5a392b5bf9b867f StaticDependenciesID=069952b65165aeff55159ced7d2e70e4 
Number of updated asset objects reloaded before import = 0
Number of asset objects unloaded after import = 0
========================================================================
Received Import Request.
  Time of request: 2026-08-06T07:53:13.4896342Z
  Time since last request: 0.6399429 seconds.
  importAddress: GUID: 927433db8ba665649a0bd47d331cf0dd - Path: Assets/Script/ItemBox.cs - Importer: PreviewImporter
Importing 'GUID: 927433db8ba665649a0bd47d331cf0dd - Path: Assets/Script/ItemBox.cs - Importer: PreviewImporter' with importer (PreviewImporter)
Imported 'GUID: 927433db8ba665649a0bd47d331cf0dd' -> (Import Result ID: '924df81c4d4d18f9a968cb3db9af10bc') in 0.002 seconds [static and dynamic dependencies]. Details - ImportResultOutputID=4f23d9441da165ce32c7e0094a2fee0e DependenciesID=76a4d2810bdbb42fcc8e18895c78758a StaticDependenciesID=ffbebce24d112173af0e6cee5b0b8718 
Number of updated asset objects reloaded before import = 0
Number of asset objects unloaded after import = 0
========================================================================
Received Import Request.
  Time of request: 2026-08-06T07:53:14.764193Z
  Time since last request: 1.2435364 seconds.
  importAddress: GUID: dbc927788b3d96d4ebc4ed01c7e5c060 - Path: Assets/Script/Bomb.cs - Importer: PreviewImporter
Importing 'GUID: dbc927788b3d96d4ebc4ed01c7e5c060 - Path: Assets/Script/Bomb.cs - Importer: PreviewImporter' with importer (PreviewImporter)
Imported 'GUID: dbc927788b3d96d4ebc4ed01c7e5c060' -> (Import Result ID: '09098adea06fca5b551a43c967cb42ed') in 0.002 seconds [static and dynamic dependencies]. Details - ImportResultOutputID=9ea2ec7fc95859adbe4eee3bc60717a6 DependenciesID=6607c487b0ef1335b8bcdc738d1fd1b3 StaticDependenciesID=ba9aa3d9b00ec02d941af8b75bc5fda1 
Number of updated asset objects reloaded before import = 0
Number of asset objects unloaded after import = 0
========================================================================
Received Import Request.
  Time of request: 2026-08-06T07:53:24.2176967Z
  Time since last request: 9.4194793 seconds.
  importAddress: GUID: 8b6b61f4ad47edd4b84f2dcc412403d7 - Path: Assets/Script/MolkkyThrower.cs - Importer: PreviewImporter
Importing 'GUID: 8b6b61f4ad47edd4b84f2dcc412403d7 - Path: Assets/Script/MolkkyThrower.cs - Importer: PreviewImporter' with importer (PreviewImporter)
Imported 'GUID: 8b6b61f4ad47edd4b84f2dcc412403d7' -> (Import Result ID: 'da6298f3267726c86cd4df5a6d62b865') in 0.002 seconds [static and dynamic dependencies]. Details - ImportResultOutputID=05a35a78b2959d8f8068f93688a4c7e9 DependenciesID=82ca6e837f9df61cf7ac003956dbb2af StaticDependenciesID=602a7327d8840fb05fee231b9ab60086 
Number of updated asset objects reloaded before import = 0
Number of asset objects unloaded after import = 0
========================================================================
Received Prepare
AcceleratorClientConnectionCallback - disconnected - :0
[Licensing::Client] Successfully resolved entitlement details
Begin MonoManager ReloadAssembly
Symbol file LoadedFromMemory is not a mono symbol file
Symbol file LoadedFromMemory is not a mono symbol file
Refreshing native plugins compatible for Editor in 18.55 ms, found 5 plugins.
Native extension for WindowsStandalone target not found
Native extension for WebGL target not found
[Package Manager] Failed to launch server process. Reason: Unity was launched with the -noUpm command-line argument
[Package Manager] Unable to send message (not connected to server process).
[Package Manager] Cannot connect to Unity Package Manager local server
Refreshing native plugins compatible for Editor in 40.59 ms, found 5 plugins.
[Package Manager] Failed to launch server process. Reason: Unity was launched with the -noUpm command-line argument
[Package Manager] Unable to send message (not connected to server process).
[Package Manager] Cannot connect to Unity Package Manager local server
[MODES] ModeService[none].Initialize
[MODES] ModeService[none].LoadModes
[Licensing::Client] Error: Code 404 while processing request (status: Found 0 entitlement groups and 0 free entitlements matching requested entitlement ids)
[Licensing::Client] Error: Code 404 while processing request (status: Found 0 entitlement groups and 0 free entitlements matching requested entitlement ids)
[Licensing::Client] Error: Code 404 while processing request (status: Found 0 entitlement groups and 0 free entitlements matching requested entitlement ids)
ScheduleIndexationOnStartup MainProcess:False IndexOnStartup:True
Mono: successfully reloaded assembly
- Finished resetting the current domain, in  6.117 seconds
Domain Reload Profiling: 8978ms
	BeginReloadAssembly (716ms)
		DisableScriptedObjects (19ms)
		CreateAndSetChildDomain (199ms)
	RebuildCommonClasses (27ms)
	RebuildNativeTypeToScriptingClass (38ms)
	initialDomainReloadingComplete (413ms)
	LoadAllAssembliesAndSetupDomain (1663ms)
		LoadAssemblies (1550ms)
		AnalyzeDomain (55ms)
			TypeCache.Refresh (25ms)
			ResolveRequiredComponents (19ms)
	FinalizeReload (6122ms)
		SetupLoadedEditorAssemblies (0ms)
			InitializePlatformSupportModulesInManaged (10ms)
			BeforeProcessingInitializeOnLoad (500ms)
			ProcessInitializeOnLoadAttributes (3084ms)
			ProcessInitializeOnLoadMethodAttributes (1645ms)
			AfterProcessingInitializeOnLoad (17ms)
		AwakeInstancesAfterBackupRestoration (91ms)
Refreshing native plugins compatible for Editor in 29.50 ms, found 5 plugins.
Unloading 66 Unused Serialized files (Serialized files now loaded: 0)
Unloading 10410 unused Assets / (22.2 MB). Loaded Objects now: 11472.
Memory consumption went from 488.4 MB to 466.2 MB.
Total: 79.649300 ms (FindLiveObjects: 3.022100 ms CreateObjectMapping: 16.004400 ms MarkObjects: 39.349900 ms  DeleteObjects: 21.268900 ms)

Prepare: number of updated asset objects reloaded= 0
========================================================================
Received Import Request.
  Time of request: 2026-08-06T07:58:44.8852036Z
  Time since last request: 320.62896019999999 seconds.
  importAddress: GUID: 6ca278b75203d954c86003305f7c47a4 - Path: Assets/Script/TitleManager.cs - Importer: PreviewImporter
Importing 'GUID: 6ca278b75203d954c86003305f7c47a4 - Path: Assets/Script/TitleManager.cs - Importer: PreviewImporter' with importer (PreviewImporter)
Imported 'GUID: 6ca278b75203d954c86003305f7c47a4' -> (Import Result ID: '2d5ea085d0950df8b330f7a85c5fb042') in 0.006 seconds [static and dynamic dependencies]. Details - ImportResultOutputID=113e35e74a4e252692461fce2c012d48 DependenciesID=504eba7bd8bf671e79f11a3e9774c829 StaticDependenciesID=dc60af397bf944bbe5db874defeeb28e 
Number of updated asset objects reloaded before import = 0
Number of asset objects unloaded after import = 0
========================================================================
Received Prepare
AcceleratorClientConnectionCallback - disconnected - :0
[Licensing::Client] Successfully resolved entitlement details
Begin MonoManager ReloadAssembly
Symbol file LoadedFromMemory is not a mono symbol file
Symbol file LoadedFromMemory is not a mono symbol file
Refreshing native plugins compatible for Editor in 19.11 ms, found 5 plugins.
Native extension for WindowsStandalone target not found
Native extension for WebGL target not found
[Package Manager] Failed to launch server process. Reason: Unity was launched with the -noUpm command-line argument
[Package Manager] Unable to send message (not connected to server process).
[Package Manager] Cannot connect to Unity Package Manager local server
Refreshing native plugins compatible for Editor in 31.44 ms, found 5 plugins.
[Package Manager] Failed to launch server process. Reason: Unity was launched with the -noUpm command-line argument
[Package Manager] Unable to send message (not connected to server process).
[Package Manager] Cannot connect to Unity Package Manager local server
[MODES] ModeService[none].Initialize
[MODES] ModeService[none].LoadModes
[Licensing::Client] Error: Code 404 while processing request (status: Found 0 entitlement groups and 0 free entitlements matching requested entitlement ids)
[Licensing::Client] Error: Code 404 while processing request (status: Found 0 entitlement groups and 0 free entitlements matching requested entitlement ids)
[Licensing::Client] Error: Code 404 while processing request (status: Found 0 entitlement groups and 0 free entitlements matching requested entitlement ids)
ScheduleIndexationOnStartup MainProcess:False IndexOnStartup:True
Mono: successfully reloaded assembly
- Finished resetting the current domain, in  5.882 seconds
Domain Reload Profiling: 8821ms
	BeginReloadAssembly (754ms)
		DisableScriptedObjects (14ms)
		CreateAndSetChildDomain (213ms)
	RebuildCommonClasses (23ms)
	RebuildNativeTypeToScriptingClass (40ms)
	initialDomainReloadingComplete (482ms)
	LoadAllAssembliesAndSetupDomain (1636ms)
		LoadAssemblies (1518ms)
		AnalyzeDomain (67ms)
			TypeCache.Refresh (25ms)
			ResolveRequiredComponents (23ms)
	FinalizeReload (5886ms)
		SetupLoadedEditorAssemblies (0ms)
			InitializePlatformSupportModulesInManaged (9ms)
			BeforeProcessingInitializeOnLoad (470ms)
			ProcessInitializeOnLoadAttributes (2980ms)
			ProcessInitializeOnLoadMethodAttributes (1547ms)
			AfterProcessingInitializeOnLoad (14ms)
		AwakeInstancesAfterBackupRestoration (85ms)
Refreshing native plugins compatible for Editor in 29.10 ms, found 5 plugins.
Unloading 66 Unused Serialized files (Serialized files now loaded: 0)
Unloading 10410 unused Assets / (21.2 MB). Loaded Objects now: 11475.
Memory consumption went from 491.8 MB to 470.6 MB.
Total: 83.482800 ms (FindLiveObjects: 3.870300 ms CreateObjectMapping: 15.817400 ms MarkObjects: 46.125800 ms  DeleteObjects: 17.665000 ms)

Prepare: number of updated asset objects reloaded= 0
========================================================================
Received Prepare
AcceleratorClientConnectionCallback - disconnected - :0
Begin MonoManager ReloadAssembly
Symbol file LoadedFromMemory is not a mono symbol file
Symbol file LoadedFromMemory is not a mono symbol file
Refreshing native plugins compatible for Editor in 18.07 ms, found 5 plugins.
Native extension for WindowsStandalone target not found
Native extension for WebGL target not found
[Package Manager] Failed to launch server process. Reason: Unity was launched with the -noUpm command-line argument
[Package Manager] Unable to send message (not connected to server process).
[Package Manager] Cannot connect to Unity Package Manager local server
Refreshing native plugins compatible for Editor in 31.08 ms, found 5 plugins.
[Package Manager] Failed to launch server process. Reason: Unity was launched with the -noUpm command-line argument
[Package Manager] Unable to send message (not connected to server process).
[Package Manager] Cannot connect to Unity Package Manager local server
[MODES] ModeService[none].Initialize
[MODES] ModeService[none].LoadModes
[Licensing::Client] Error: Code 404 while processing request (status: Found 0 entitlement groups and 0 free entitlements matching requested entitlement ids)
[Licensing::Client] Error: Code 404 while processing request (status: Found 0 entitlement groups and 0 free entitlements matching requested entitlement ids)
[Licensing::Client] Error: Code 404 while processing request (status: Found 0 entitlement groups and 0 free entitlements matching requested entitlement ids)
ScheduleIndexationOnStartup MainProcess:False IndexOnStartup:True
Mono: successfully reloaded assembly
- Finished resetting the current domain, in  5.295 seconds
Domain Reload Profiling: 8035ms
	BeginReloadAssembly (701ms)
		DisableScriptedObjects (16ms)
		CreateAndSetChildDomain (202ms)
	RebuildCommonClasses (20ms)
	RebuildNativeTypeToScriptingClass (32ms)
	initialDomainReloadingComplete (413ms)
	LoadAllAssembliesAndSetupDomain (1571ms)
		LoadAssemblies (1496ms)
		AnalyzeDomain (54ms)
			TypeCache.Refresh (26ms)
			ResolveRequiredComponents (15ms)
	FinalizeReload (5298ms)
		SetupLoadedEditorAssemblies (0ms)
			InitializePlatformSupportModulesInManaged (7ms)
			BeforeProcessingInitializeOnLoad (383ms)
			ProcessInitializeOnLoadAttributes (2985ms)
			ProcessInitializeOnLoadMethodAttributes (1215ms)
			AfterProcessingInitializeOnLoad (10ms)
		AwakeInstancesAfterBackupRestoration (66ms)
Refreshing native plugins compatible for Editor in 18.03 ms, found 5 plugins.
Unloading 66 Unused Serialized files (Serialized files now loaded: 0)
Unloading 10410 unused Assets / (21.5 MB). Loaded Objects now: 11478.
Memory consumption went from 495.1 MB to 473.6 MB.
Total: 71.715900 ms (FindLiveObjects: 2.626600 ms CreateObjectMapping: 14.496400 ms MarkObjects: 37.169200 ms  DeleteObjects: 17.420200 ms)

Prepare: number of updated asset objects reloaded= 0
========================================================================
Received Prepare
AcceleratorClientConnectionCallback - disconnected - :0
[Licensing::Client] Successfully resolved entitlement details
Begin MonoManager ReloadAssembly
Failed to create domain‐reload token.
UnityEngine.Debug:ExtractStackTraceNoAlloc (byte*,int,string)
UnityEngine.StackTraceUtility:ExtractStackTrace ()
UnityEngine.DebugLogHandler:Internal_Log (UnityEngine.LogType,UnityEngine.LogOption,string,UnityEngine.Object)
UnityEngine.DebugLogHandler:LogFormat (UnityEngine.LogType,UnityEngine.Object,string,object[])
UnityEngine.Logger:Log (UnityEngine.LogType,object)
UnityEngine.Debug:LogError (object)
Unity.AI.Generators.UI.Utilities.DomainReloadUtilities:CreateToken () (at ./Library/PackageCache/com.unity.ai.assistant@6fee27370e6a/Modules/Unity.AI.Generators.UI/Utilities/DomainReloadUtilities.cs:50)
UnityEditor.AssemblyReloadEvents:OnBeforeAssemblyReload ()

(Filename: ./Library/PackageCache/com.unity.ai.assistant@6fee27370e6a/Modules/Unity.AI.Generators.UI/Utilities/DomainReloadUtilities.cs Line: 50)

Symbol file LoadedFromMemory is not a mono symbol file
Symbol file LoadedFromMemory is not a mono symbol file
Refreshing native plugins compatible for Editor in 18.27 ms, found 5 plugins.
Native extension for WindowsStandalone target not found
Native extension for WebGL target not found
[Package Manager] Failed to launch server process. Reason: Unity was launched with the -noUpm command-line argument
[Package Manager] Unable to send message (not connected to server process).
[Package Manager] Cannot connect to Unity Package Manager local server
Refreshing native plugins compatible for Editor in 31.12 ms, found 5 plugins.
[Package Manager] Failed to launch server process. Reason: Unity was launched with the -noUpm command-line argument
[Package Manager] Unable to send message (not connected to server process).
[Package Manager] Cannot connect to Unity Package Manager local server
[MODES] ModeService[none].Initialize
[MODES] ModeService[none].LoadModes
[Licensing::Client] Error: Code 404 while processing request (status: Found 0 entitlement groups and 0 free entitlements matching requested entitlement ids)
[Licensing::Client] Error: Code 404 while processing request (status: Found 0 entitlement groups and 0 free entitlements matching requested entitlement ids)
[Licensing::Client] Error: Code 404 while processing request (status: Found 0 entitlement groups and 0 free entitlements matching requested entitlement ids)
ScheduleIndexationOnStartup MainProcess:False IndexOnStartup:True
Mono: successfully reloaded assembly
- Finished resetting the current domain, in  5.944 seconds
Domain Reload Profiling: 8688ms
	BeginReloadAssembly (707ms)
		DisableScriptedObjects (15ms)
		CreateAndSetChildDomain (189ms)
	RebuildCommonClasses (27ms)
	RebuildNativeTypeToScriptingClass (51ms)
	initialDomainReloadingComplete (387ms)
	LoadAllAssembliesAndSetupDomain (1567ms)
		LoadAssemblies (1475ms)
		AnalyzeDomain (48ms)
			TypeCache.Refresh (24ms)
			ResolveRequiredComponents (15ms)
	FinalizeReload (5948ms)
		SetupLoadedEditorAssemblies (0ms)
			InitializePlatformSupportModulesInManaged (10ms)
			BeforeProcessingInitializeOnLoad (477ms)
			ProcessInitializeOnLoadAttributes (2991ms)
			ProcessInitializeOnLoadMethodAttributes (1633ms)
			AfterProcessingInitializeOnLoad (20ms)
		AwakeInstancesAfterBackupRestoration (80ms)
Refreshing native plugins compatible for Editor in 32.95 ms, found 5 plugins.
Unloading 66 Unused Serialized files (Serialized files now loaded: 0)
Unloading 10410 unused Assets / (22.1 MB). Loaded Objects now: 11481.
Memory consumption went from 498.6 MB to 476.5 MB.
Total: 85.158400 ms (FindLiveObjects: 4.053800 ms CreateObjectMapping: 15.701100 ms MarkObjects: 46.089400 ms  DeleteObjects: 19.309200 ms)

Prepare: number of updated asset objects reloaded= 0
========================================================================
Received Prepare
AcceleratorClientConnectionCallback - disconnected - :0
Begin MonoManager ReloadAssembly
Symbol file LoadedFromMemory is not a mono symbol file
Symbol file LoadedFromMemory is not a mono symbol file
Refreshing native plugins compatible for Editor in 21.55 ms, found 5 plugins.
Native extension for WindowsStandalone target not found
Native extension for WebGL target not found
[Package Manager] Failed to launch server process. Reason: Unity was launched with the -noUpm command-line argument
[Package Manager] Unable to send message (not connected to server process).
[Package Manager] Cannot connect to Unity Package Manager local server
Refreshing native plugins compatible for Editor in 35.32 ms, found 5 plugins.
[Package Manager] Failed to launch server process. Reason: Unity was launched with the -noUpm command-line argument
[Package Manager] Unable to send message (not connected to server process).
[Package Manager] Cannot connect to Unity Package Manager local server
[MODES] ModeService[none].Initialize
[MODES] ModeService[none].LoadModes
[Licensing::Client] Error: Code 404 while processing request (status: Found 0 entitlement groups and 0 free entitlements matching requested entitlement ids)
[Licensing::Client] Error: Code 404 while processing request (status: Found 0 entitlement groups and 0 free entitlements matching requested entitlement ids)
[Licensing::Client] Error: Code 404 while processing request (status: Found 0 entitlement groups and 0 free entitlements matching requested entitlement ids)
ScheduleIndexationOnStartup MainProcess:False IndexOnStartup:True
Mono: successfully reloaded assembly
- Finished resetting the current domain, in  5.854 seconds
Domain Reload Profiling: 8658ms
	BeginReloadAssembly (794ms)
		DisableScriptedObjects (12ms)
		CreateAndSetChildDomain (225ms)
	RebuildCommonClasses (19ms)
	RebuildNativeTypeToScriptingClass (34ms)
	initialDomainReloadingComplete (395ms)
	LoadAllAssembliesAndSetupDomain (1557ms)
		LoadAssemblies (1483ms)
		AnalyzeDomain (53ms)
			TypeCache.Refresh (24ms)
			ResolveRequiredComponents (17ms)
	FinalizeReload (5859ms)
		SetupLoadedEditorAssemblies (0ms)
			InitializePlatformSupportModulesInManaged (8ms)
			BeforeProcessingInitializeOnLoad (443ms)
			ProcessInitializeOnLoadAttributes (2961ms)
			ProcessInitializeOnLoadMethodAttributes (1594ms)
			AfterProcessingInitializeOnLoad (18ms)
		AwakeInstancesAfterBackupRestoration (90ms)
Refreshing native plugins compatible for Editor in 27.22 ms, found 5 plugins.
Unloading 66 Unused Serialized files (Serialized files now loaded: 0)
Unloading 10410 unused Assets / (23.8 MB). Loaded Objects now: 11484.
Memory consumption went from 502.0 MB to 478.2 MB.
Total: 78.575700 ms (FindLiveObjects: 2.486400 ms CreateObjectMapping: 16.502300 ms MarkObjects: 36.303700 ms  DeleteObjects: 23.279700 ms)

Prepare: number of updated asset objects reloaded= 0
========================================================================
Received Prepare
AcceleratorClientConnectionCallback - disconnected - :0
Refreshing native plugins compatible for Editor in 23.91 ms, found 5 plugins.
Unloading 66 Unused Serialized files (Serialized files now loaded: 0)
Unloading 66 unused Assets / (13.8 MB). Loaded Objects now: 11484.
Memory consumption went from 497.8 MB to 484.0 MB.
Total: 42.594000 ms (FindLiveObjects: 3.101300 ms CreateObjectMapping: 4.452500 ms MarkObjects: 30.225900 ms  DeleteObjects: 4.810000 ms)

Prepare: number of updated asset objects reloaded= 0
Editor requested this worker to shutdown with reason: Editor is closing down
AssetImportWorkerClient::OnTransportError - code=2 error=End of file
AcceleratorClientConnectionCallback - disconnected - :0
AssetImportWorker is now disconnected from the server
Process exiting
Exiting without the bug reporter. Application will terminate with return code 0