[2026-07-24T04:56:53.693Z][INFO] Command-line: 'C:\\Program Files\\Unity\\Hub\\Editor\\6000.5.0f1\\Editor\\Data\\Resources\\PackageManager\\Server\\UnityPackageManager.exe' server -s 5136 --ipc-path Unity-Upm-5136 -l 2 --log-file C:\\Users\\ikesakutarou\\t6-M6\\Molkky/Logs/upm.log
[2026-07-24T04:56:53.804Z][INFO] IPC server started (IPC path=Unity-Upm-5136).
[2026-07-24T04:56:53.804Z][INFO] Hint: To connect to this UPM instance, launch Unity with the command-line parameter -upmIpcPath Upm-5136.
[2026-07-24T04:57:05.274Z][INFO] project:list-packages <-- Request received
params: {}
[2026-07-24T04:57:05.644Z][INFO] config:project:get-registries <-- Request received
params: {}
[2026-07-24T04:57:05.657Z][INFO] project:list-packages <-- Request received
params: {}
[2026-07-24T04:57:05.711Z][INFO] config:project:get-registries --> 200 (67 ms)
[2026-07-24T04:57:05.925Z][INFO] project:resolve-packages <-- Request received
params: {}
[2026-07-24T04:57:06.059Z][INFO] project:list-packages --> 200 (786 ms)
[2026-07-24T04:57:06.525Z][INFO] project:list-packages --> 200 (868 ms)
[2026-07-24T04:57:15.654Z][WARN] Requested version [1.0.3] for package [com.unity.settings-manager] overridden by minimum version [2.1.1].
[2026-07-24T04:57:15.655Z][WARN] Requested version [1.8.17] for package [com.unity.burst] overridden by minimum version [1.8.29].
[2026-07-24T04:57:15.655Z][WARN] Requested version [1.3.6] for package [com.unity.dt.app-ui] overridden by minimum version [2.1.7].
[2026-07-24T04:57:15.655Z][WARN] Requested version [3.2.1] for package [com.unity.nuget.newtonsoft-json] overridden by minimum version [3.2.2].
[2026-07-24T04:57:15.655Z][WARN] Requested version [1.11.5] for package [com.unity.nuget.mono-cecil] overridden by minimum version [1.11.6].
[2026-07-24T04:57:15.655Z][WARN] Requested version [4.9.3] for package [com.unity.searcher] overridden by minimum version [4.9.4].
[2026-07-24T04:57:15.655Z][WARN] Requested version [3.2.0] for package [com.unity.test-framework.performance] overridden by minimum version [3.5.0].
[2026-07-24T04:57:15.657Z][INFO] project:resolve-packages --> 200 (9732 ms)
[2026-07-24T04:57:47.888Z][INFO] project:list-packages <-- Request received
params: {}
[2026-07-24T04:57:47.942Z][INFO] project:list-packages <-- Request received
params: {}
[2026-07-24T04:57:48.711Z][INFO] project:list-packages --> 200 (769 ms)
[2026-07-24T04:57:48.714Z][INFO] project:list-packages --> 200 (827 ms)
[2026-07-24T04:57:56.577Z][INFO] project:list-packages <-- Request received
params: {}
[2026-07-24T04:57:56.995Z][INFO] project:list-packages --> 200 (418 ms)
[2026-07-24T04:57:58.214Z][INFO] config:project:get-registries <-- Request received
params: {}
[2026-07-24T04:57:58.228Z][INFO] config:project:get-registries --> 200 (14 ms)
[2026-07-24T04:58:13.725Z][INFO] project:list-packages <-- Request received
params: {}
[2026-07-24T04:58:14.234Z][INFO] project:list-packages --> 200 (509 ms)
[2026-07-24T04:58:15.994Z][INFO] packages:get-packageinfo <-- Request received
params: {
  "packageId": "com.unity.ai.assistant"
}
[2026-07-24T04:58:16.482Z][INFO] packages:get-packageinfo --> 200 (489 ms)
[2026-07-24T05:00:38.651Z][INFO] project:list-packages <-- Request received
params: {}
[2026-07-24T05:00:39.299Z][INFO] project:list-packages --> 200 (648 ms)
[2026-07-24T05:00:40.908Z][INFO] project:list-packages <-- Request received
params: {}
[2026-07-24T05:00:41.392Z][INFO] project:list-packages --> 200 (484 ms)
[2026-07-24T05:00:42.116Z][INFO] config:project:get-registries <-- Request received
params: {}
[2026-07-24T05:00:42.131Z][INFO] config:project:get-registries --> 200 (15 ms)
[2026-07-24T05:00:45.062Z][INFO] packages:get-packageinfo <-- Request received
params: {
  "packageId": "com.unity.ai.assistant"
}
[2026-07-24T05:00:45.592Z][INFO] packages:get-packageinfo --> 200 (531 ms)
[2026-07-24T05:01:51.854Z][INFO] project:list-packages <-- Request received
params: {}
[2026-07-24T05:01:52.191Z][INFO] project:list-packages --> 200 (336 ms)
[2026-07-24T05:01:53.851Z][INFO] project:list-packages <-- Request received
params: {}
[2026-07-24T05:01:54.307Z][INFO] project:list-packages --> 200 (455 ms)
[2026-07-24T05:01:55.028Z][INFO] config:project:get-registries <-- Request received
params: {}
[2026-07-24T05:01:55.040Z][INFO] config:project:get-registries --> 200 (13 ms)
[2026-07-24T05:01:58.175Z][INFO] packages:get-packageinfo <-- Request received
params: {
  "packageId": "com.unity.ai.assistant"
}
[2026-07-24T05:01:58.804Z][INFO] packages:get-packageinfo --> 200 (628 ms)
[2026-07-24T05:02:11.903Z][INFO] project:list-packages <-- Request received
params: {}
[2026-07-24T05:02:12.318Z][INFO] project:list-packages --> 200 (415 ms)
[2026-07-24T05:02:14.054Z][INFO] project:list-packages <-- Request received
params: {}
[2026-07-24T05:02:14.627Z][INFO] project:list-packages --> 200 (573 ms)
[2026-07-24T05:02:15.503Z][INFO] config:project:get-registries <-- Request received
params: {}
[2026-07-24T05:02:15.516Z][INFO] config:project:get-registries --> 200 (13 ms)
[2026-07-24T05:02:22.309Z][INFO] packages:get-packageinfo <-- Request received
params: {
  "packageId": "com.unity.ai.assistant"
}
[2026-07-24T05:02:22.392Z][INFO] packages:get-packageinfo --> 200 (83 ms)
[2026-07-24T05:44:18.091Z][INFO] project:list-packages <-- Request received
params: {}
[2026-07-24T05:44:18.650Z][INFO] project:list-packages --> 200 (562 ms)
[2026-07-24T05:44:20.585Z][INFO] project:list-packages <-- Request received
params: {}
[2026-07-24T05:44:21.009Z][INFO] project:list-packages --> 200 (424 ms)
[2026-07-24T05:44:21.865Z][INFO] config:project:get-registries <-- Request received
params: {}
[2026-07-24T05:44:21.875Z][INFO] config:project:get-registries --> 200 (10 ms)
[2026-07-24T05:44:25.020Z][INFO] packages:get-packageinfo <-- Request received
params: {
  "packageId": "com.unity.ai.assistant"
}
[2026-07-24T05:44:25.659Z][INFO] packages:get-packageinfo --> 200 (639 ms)
[2026-07-24T05:46:43.438Z][INFO] project:list-packages <-- Request received
params: {}
[2026-07-24T05:46:43.851Z][INFO] project:list-packages --> 200 (413 ms)
[2026-07-24T05:46:45.398Z][INFO] project:list-packages <-- Request received
params: {}
[2026-07-24T05:46:45.789Z][INFO] project:list-packages --> 200 (391 ms)
[2026-07-24T05:46:46.887Z][INFO] config:project:get-registries <-- Request received
params: {}
[2026-07-24T05:46:46.896Z][INFO] config:project:get-registries --> 200 (9 ms)
[2026-07-24T05:46:53.314Z][INFO] packages:get-packageinfo <-- Request received
params: {
  "packageId": "com.unity.ai.assistant"
}
[2026-07-24T05:46:53.933Z][INFO] packages:get-packageinfo --> 200 (619 ms)
[2026-07-24T05:49:56.680Z][INFO] project:list-packages <-- Request received
params: {}
[2026-07-24T05:49:57.101Z][INFO] project:list-packages --> 200 (421 ms)
[2026-07-24T05:49:58.833Z][INFO] project:list-packages <-- Request received
params: {}
[2026-07-24T05:49:59.193Z][INFO] project:list-packages --> 200 (360 ms)
[2026-07-24T05:50:00.060Z][INFO] config:project:get-registries <-- Request received
params: {}
[2026-07-24T05:50:00.069Z][INFO] config:project:get-registries --> 200 (10 ms)
[2026-07-24T05:50:02.944Z][INFO] packages:get-packageinfo <-- Request received
params: {
  "packageId": "com.unity.ai.assistant"
}
[2026-07-24T05:50:03.566Z][INFO] packages:get-packageinfo --> 200 (622 ms)
[2026-07-24T05:50:15.063Z][INFO] project:list-packages <-- Request received
params: {}
[2026-07-24T05:50:15.458Z][INFO] project:list-packages --> 200 (395 ms)
[2026-07-24T05:50:17.038Z][INFO] project:list-packages <-- Request received
params: {}
[2026-07-24T05:50:17.379Z][INFO] project:list-packages --> 200 (341 ms)
[2026-07-24T05:50:18.344Z][INFO] config:project:get-registries <-- Request received
params: {}
[2026-07-24T05:50:18.355Z][INFO] config:project:get-registries --> 200 (11 ms)
[2026-07-24T05:50:24.580Z][INFO] packages:get-packageinfo <-- Request received
params: {
  "packageId": "com.unity.ai.assistant"
}
[2026-07-24T05:50:24.644Z][INFO] packages:get-packageinfo --> 200 (65 ms)
[2026-07-24T05:53:35.924Z][INFO] project:list-packages <-- Request received
params: {}
[2026-07-24T05:53:36.288Z][INFO] project:list-packages --> 200 (363 ms)
[2026-07-24T05:53:37.968Z][INFO] project:list-packages <-- Request received
params: {}
[2026-07-24T05:53:38.363Z][INFO] project:list-packages --> 200 (395 ms)
[2026-07-24T05:53:39.242Z][INFO] config:project:get-registries <-- Request received
params: {}
[2026-07-24T05:53:39.252Z][INFO] config:project:get-registries --> 200 (10 ms)
[2026-07-24T05:53:42.259Z][INFO] packages:get-packageinfo <-- Request received
params: {
  "packageId": "com.unity.ai.assistant"
}
[2026-07-24T05:53:42.789Z][INFO] packages:get-packageinfo --> 200 (530 ms)
[2026-07-24T05:54:23.697Z][INFO] project:list-packages <-- Request received
params: {}
[2026-07-24T05:54:24.095Z][INFO] project:list-packages --> 200 (398 ms)
[2026-07-24T05:54:25.713Z][INFO] project:list-packages <-- Request received
params: {}
[2026-07-24T05:54:26.062Z][INFO] project:list-packages --> 200 (349 ms)
[2026-07-24T05:54:27.141Z][INFO] config:project:get-registries <-- Request received
params: {}
[2026-07-24T05:54:27.150Z][INFO] config:project:get-registries --> 200 (9 ms)
[2026-07-24T05:54:34.258Z][INFO] packages:get-packageinfo <-- Request received
params: {
  "packageId": "com.unity.ai.assistant"
}
[2026-07-24T05:54:34.786Z][INFO] packages:get-packageinfo --> 200 (528 ms)
[2026-07-24T05:59:25.531Z][INFO] project:list-packages <-- Request received
params: {}
[2026-07-24T05:59:25.917Z][INFO] project:list-packages --> 200 (387 ms)
[2026-07-24T05:59:27.723Z][INFO] project:list-packages <-- Request received
params: {}
[2026-07-24T05:59:28.154Z][INFO] project:list-packages --> 200 (431 ms)
[2026-07-24T05:59:28.945Z][INFO] config:project:get-registries <-- Request received
params: {}
[2026-07-24T05:59:28.957Z][INFO] config:project:get-registries --> 200 (12 ms)
[2026-07-24T05:59:31.968Z][INFO] packages:get-packageinfo <-- Request received
params: {
  "packageId": "com.unity.ai.assistant"
}
[2026-07-24T05:59:32.507Z][INFO] packages:get-packageinfo --> 200 (539 ms)
[2026-07-24T05:59:44.633Z][INFO] project:list-packages <-- Request received
params: {}
[2026-07-24T05:59:45.013Z][INFO] project:list-packages --> 200 (379 ms)
[2026-07-24T05:59:46.707Z][INFO] project:list-packages <-- Request received
params: {}
[2026-07-24T05:59:47.057Z][INFO] project:list-packages --> 200 (350 ms)
[2026-07-24T05:59:48.263Z][INFO] config:project:get-registries <-- Request received
params: {}
[2026-07-24T05:59:48.274Z][INFO] config:project:get-registries --> 200 (11 ms)
[2026-07-24T05:59:55.113Z][INFO] packages:get-packageinfo <-- Request received
params: {
  "packageId": "com.unity.ai.assistant"
}
[2026-07-24T05:59:55.179Z][INFO] packages:get-packageinfo --> 200 (66 ms)
[2026-07-24T06:00:20.113Z][INFO] project:list-packages <-- Request received
params: {}
[2026-07-24T06:00:20.502Z][INFO] project:list-packages --> 200 (389 ms)
[2026-07-24T06:00:22.235Z][INFO] project:list-packages <-- Request received
params: {}
[2026-07-24T06:00:22.600Z][INFO] project:list-packages --> 200 (365 ms)
[2026-07-24T06:00:23.672Z][INFO] config:project:get-registries <-- Request received
params: {}
[2026-07-24T06:00:23.682Z][INFO] config:project:get-registries --> 200 (10 ms)
[2026-07-24T06:00:30.364Z][INFO] packages:get-packageinfo <-- Request received
params: {
  "packageId": "com.unity.ai.assistant"
}
[2026-07-24T06:00:31.112Z][INFO] packages:get-packageinfo --> 200 (748 ms)
[2026-07-24T06:02:17.695Z][INFO] project:list-packages <-- Request received
params: {}
[2026-07-24T06:02:18.063Z][INFO] project:list-packages --> 200 (368 ms)
[2026-07-24T06:02:19.831Z][INFO] project:list-packages <-- Request received
params: {}
[2026-07-24T06:02:20.229Z][INFO] project:list-packages --> 200 (398 ms)
[2026-07-24T06:02:21.383Z][INFO] config:project:get-registries <-- Request received
params: {}
[2026-07-24T06:02:21.395Z][INFO] config:project:get-registries --> 200 (12 ms)
[2026-07-24T06:02:28.681Z][INFO] packages:get-packageinfo <-- Request received
params: {
  "packageId": "com.unity.ai.assistant"
}
[2026-07-24T06:02:29.303Z][INFO] packages:get-packageinfo --> 200 (622 ms)
[2026-07-24T06:05:23.998Z][INFO] project:list-packages <-- Request received
params: {}
[2026-07-24T06:05:24.378Z][INFO] project:list-packages --> 200 (380 ms)
[2026-07-24T06:05:26.087Z][INFO] project:list-packages <-- Request received
params: {}
[2026-07-24T06:05:26.496Z][INFO] project:list-packages --> 200 (409 ms)
[2026-07-24T06:05:27.365Z][INFO] config:project:get-registries <-- Request received
params: {}
[2026-07-24T06:05:27.382Z][INFO] config:project:get-registries --> 200 (17 ms)
[2026-07-24T06:05:30.542Z][INFO] packages:get-packageinfo <-- Request received
params: {
  "packageId": "com.unity.ai.assistant"
}
[2026-07-24T06:05:31.272Z][INFO] packages:get-packageinfo --> 200 (730 ms)
[2026-07-24T06:05:40.586Z][INFO] project:list-packages <-- Request received
params: {}
[2026-07-24T06:05:40.979Z][INFO] project:list-packages --> 200 (392 ms)
[2026-07-24T06:05:42.776Z][INFO] project:list-packages <-- Request received
params: {}
[2026-07-24T06:05:43.135Z][INFO] project:list-packages --> 200 (359 ms)
[2026-07-24T06:05:44.241Z][INFO] config:project:get-registries <-- Request received
params: {}
[2026-07-24T06:05:44.252Z][INFO] config:project:get-registries --> 200 (11 ms)
[2026-07-24T06:05:50.596Z][INFO] packages:get-packageinfo <-- Request received
params: {
  "packageId": "com.unity.ai.assistant"
}
[2026-07-24T06:05:50.662Z][INFO] packages:get-packageinfo --> 200 (66 ms)
[2026-07-24T06:06:02.003Z][INFO] project:list-packages <-- Request received
params: {}
[2026-07-24T06:06:02.367Z][INFO] project:list-packages --> 200 (364 ms)
[2026-07-24T06:06:04.074Z][INFO] project:list-packages <-- Request received
params: {}
[2026-07-24T06:06:04.472Z][INFO] project:list-packages --> 200 (398 ms)
[2026-07-24T06:06:05.527Z][INFO] config:project:get-registries <-- Request received
params: {}
[2026-07-24T06:06:05.536Z][INFO] config:project:get-registries --> 200 (9 ms)
[2026-07-24T06:06:11.384Z][INFO] packages:get-packageinfo <-- Request received
params: {
  "packageId": "com.unity.ai.assistant"
}
[2026-07-24T06:06:12.072Z][INFO] packages:get-packageinfo --> 200 (688 ms)
[2026-07-24T06:06:50.222Z][INFO] project:list-packages <-- Request received
params: {}
[2026-07-24T06:06:50.581Z][INFO] project:list-packages --> 200 (359 ms)
[2026-07-24T06:06:52.418Z][INFO] project:list-packages <-- Request received
params: {}
[2026-07-24T06:06:52.789Z][INFO] project:list-packages --> 200 (371 ms)
[2026-07-24T06:06:53.878Z][INFO] config:project:get-registries <-- Request received
params: {}
[2026-07-24T06:06:53.890Z][INFO] config:project:get-registries --> 200 (12 ms)
[2026-07-24T06:06:59.954Z][INFO] packages:get-packageinfo <-- Request received
params: {
  "packageId": "com.unity.ai.assistant"
}
[2026-07-24T06:07:00.597Z][INFO] packages:get-packageinfo --> 200 (643 ms)
[2026-07-24T06:08:54.519Z][INFO] project:list-packages <-- Request received
params: {}
[2026-07-24T06:08:54.877Z][INFO] project:list-packages --> 200 (358 ms)
[2026-07-24T06:08:56.538Z][INFO] project:list-packages <-- Request received
params: {}
[2026-07-24T06:08:56.943Z][INFO] project:list-packages --> 200 (405 ms)
[2026-07-24T06:08:57.832Z][INFO] config:project:get-registries <-- Request received
params: {}
[2026-07-24T06:08:57.843Z][INFO] config:project:get-registries --> 200 (11 ms)
[2026-07-24T06:09:01.052Z][INFO] packages:get-packageinfo <-- Request received
params: {
  "packageId": "com.unity.ai.assistant"
}
[2026-07-24T06:09:01.635Z][INFO] packages:get-packageinfo --> 200 (583 ms)
[2026-07-24T06:09:13.321Z][INFO] project:list-packages <-- Request received
params: {}
[2026-07-24T06:09:13.654Z][INFO] project:list-packages --> 200 (333 ms)
[2026-07-24T06:09:15.325Z][INFO] project:list-packages <-- Request received
params: {}
[2026-07-24T06:09:15.694Z][INFO] project:list-packages --> 200 (369 ms)
[2026-07-24T06:09:16.755Z][INFO] config:project:get-registries <-- Request received
params: {}
[2026-07-24T06:09:16.765Z][INFO] config:project:get-registries --> 200 (9 ms)
[2026-07-24T06:09:23.191Z][INFO] packages:get-packageinfo <-- Request received
params: {
  "packageId": "com.unity.ai.assistant"
}
[2026-07-24T06:09:23.252Z][INFO] packages:get-packageinfo --> 200 (60 ms)
[2026-07-24T06:11:27.606Z][INFO] project:list-packages <-- Request received
params: {}
[2026-07-24T06:11:27.984Z][INFO] project:list-packages --> 200 (378 ms)
[2026-07-24T06:11:29.605Z][INFO] project:list-packages <-- Request received
params: {}
[2026-07-24T06:11:29.980Z][INFO] project:list-packages --> 200 (375 ms)
[2026-07-24T06:11:30.846Z][INFO] config:project:get-registries <-- Request received
params: {}
[2026-07-24T06:11:30.867Z][INFO] config:project:get-registries --> 200 (21 ms)
[2026-07-24T06:11:33.902Z][INFO] packages:get-packageinfo <-- Request received
params: {
  "packageId": "com.unity.ai.assistant"
}
[2026-07-24T06:11:34.617Z][INFO] packages:get-packageinfo --> 200 (715 ms)
[2026-07-24T06:11:43.970Z][INFO] project:list-packages <-- Request received
params: {}
[2026-07-24T06:11:44.358Z][INFO] project:list-packages --> 200 (388 ms)
[2026-07-24T06:11:46.087Z][INFO] project:list-packages <-- Request received
params: {}
[2026-07-24T06:11:46.432Z][INFO] project:list-packages --> 200 (345 ms)
[2026-07-24T06:11:47.548Z][INFO] config:project:get-registries <-- Request received
params: {}
[2026-07-24T06:11:47.561Z][INFO] config:project:get-registries --> 200 (13 ms)
[2026-07-24T06:11:54.103Z][INFO] packages:get-packageinfo <-- Request received
params: {
  "packageId": "com.unity.ai.assistant"
}
[2026-07-24T06:11:54.161Z][INFO] packages:get-packageinfo --> 200 (58 ms)
[2026-07-24T06:12:08.095Z][INFO] project:list-packages <-- Request received
params: {}
[2026-07-24T06:12:08.466Z][INFO] project:list-packages --> 200 (371 ms)
[2026-07-24T06:12:10.274Z][INFO] project:list-packages <-- Request received
params: {}
[2026-07-24T06:12:10.631Z][INFO] project:list-packages --> 200 (357 ms)
[2026-07-24T06:12:11.699Z][INFO] config:project:get-registries <-- Request received
params: {}
[2026-07-24T06:12:11.710Z][INFO] config:project:get-registries --> 200 (11 ms)
[2026-07-24T06:12:17.724Z][INFO] packages:get-packageinfo <-- Request received
params: {
  "packageId": "com.unity.ai.assistant"
}
[2026-07-24T06:12:18.441Z][INFO] packages:get-packageinfo --> 200 (717 ms)
[2026-07-24T06:14:09.767Z][INFO] project:list-packages <-- Request received
params: {}
[2026-07-24T06:14:10.123Z][INFO] project:list-packages --> 200 (355 ms)
[2026-07-24T06:14:11.863Z][INFO] project:list-packages <-- Request received
params: {}
[2026-07-24T06:14:12.278Z][INFO] project:list-packages --> 200 (415 ms)
[2026-07-24T06:14:13.342Z][INFO] config:project:get-registries <-- Request received
params: {}
[2026-07-24T06:14:13.364Z][INFO] config:project:get-registries --> 200 (22 ms)
[2026-07-24T06:14:20.231Z][INFO] packages:get-packageinfo <-- Request received
params: {
  "packageId": "com.unity.ai.assistant"
}
[2026-07-24T06:14:20.910Z][INFO] packages:get-packageinfo --> 200 (679 ms)
[2026-07-24T06:24:10.824Z][INFO] project:list-packages <-- Request received
params: {}
[2026-07-24T06:24:11.199Z][INFO] project:list-packages --> 200 (375 ms)
[2026-07-24T06:24:12.866Z][INFO] project:list-packages <-- Request received
params: {}
[2026-07-24T06:24:13.253Z][INFO] project:list-packages --> 200 (387 ms)
[2026-07-24T06:24:14.081Z][INFO] config:project:get-registries <-- Request received
params: {}
[2026-07-24T06:24:14.092Z][INFO] config:project:get-registries --> 200 (11 ms)
[2026-07-24T06:24:17.252Z][INFO] packages:get-packageinfo <-- Request received
params: {
  "packageId": "com.unity.ai.assistant"
}
[2026-07-24T06:24:17.892Z][INFO] packages:get-packageinfo --> 200 (640 ms)
[2026-07-24T06:24:27.925Z][INFO] project:list-packages <-- Request received
params: {}
[2026-07-24T06:24:28.321Z][INFO] project:list-packages --> 200 (395 ms)
[2026-07-24T06:24:29.968Z][INFO] project:list-packages <-- Request received
params: {}
[2026-07-24T06:24:30.346Z][INFO] project:list-packages --> 200 (378 ms)
[2026-07-24T06:24:31.375Z][INFO] config:project:get-registries <-- Request received
params: {}
[2026-07-24T06:24:31.388Z][INFO] config:project:get-registries --> 200 (13 ms)
[2026-07-24T06:24:38.525Z][INFO] packages:get-packageinfo <-- Request received
params: {
  "packageId": "com.unity.ai.assistant"
}
[2026-07-24T06:24:38.583Z][INFO] packages:get-packageinfo --> 200 (57 ms)
[2026-07-24T06:25:10.904Z][INFO] project:list-packages <-- Request received
params: {}
[2026-07-24T06:25:11.273Z][INFO] project:list-packages --> 200 (369 ms)
[2026-07-24T06:25:13.099Z][INFO] project:list-packages <-- Request received
params: {}
[2026-07-24T06:25:13.488Z][INFO] project:list-packages --> 200 (389 ms)
[2026-07-24T06:25:14.494Z][INFO] config:project:get-registries <-- Request received
params: {}
[2026-07-24T06:25:14.504Z][INFO] config:project:get-registries --> 200 (10 ms)
[2026-07-24T06:25:21.176Z][INFO] packages:get-packageinfo <-- Request received
params: {
  "packageId": "com.unity.ai.assistant"
}
[2026-07-24T06:25:21.684Z][INFO] packages:get-packageinfo --> 200 (508 ms)
